Archive member included to satisfy reference by file (symbol)

/home/acid/.local/share/stm32cube/bundles/gnu-tools-for-stm32/14.3.1+st.2/bin/../lib/gcc/arm-none-eabi/14.3.1/../../../../arm-none-eabi/lib/thumb/v7e-m+fp/hard/libm.a(libm_a-wf_atan2.o)
                              CMakeFiles/Acid_Motor.dir/Core/Src/bldc_foc.c.obj (atan2f)
/home/acid/.local/share/stm32cube/bundles/gnu-tools-for-stm32/14.3.1+st.2/bin/../lib/gcc/arm-none-eabi/14.3.1/../../../../arm-none-eabi/lib/thumb/v7e-m+fp/hard/libm.a(libm_a-wf_fmod.o)
                              CMakeFiles/Acid_Motor.dir/Core/Src/bldc_foc.c.obj (fmodf)
/home/acid/.local/share/stm32cube/bundles/gnu-tools-for-stm32/14.3.1+st.2/bin/../lib/gcc/arm-none-eabi/14.3.1/../../../../arm-none-eabi/lib/thumb/v7e-m+fp/hard/libm.a(libm_a-wf_sqrt.o)
                              CMakeFiles/Acid_Motor.dir/Core/Src/bldc_foc.c.obj (sqrtf)
/home/acid/.local/share/stm32cube/bundles/gnu-tools-for-stm32/14.3.1+st.2/bin/../lib/gcc/arm-none-eabi/14.3.1/../../../../arm-none-eabi/lib/thumb/v7e-m+fp/hard/libm.a(libm_a-sf_cos.o)
                              CMakeFiles/Acid_Motor.dir/Core/Src/bldc_foc.c.obj (cosf)
/home/acid/.local/share/stm32cube/bundles/gnu-tools-for-stm32/14.3.1+st.2/bin/../lib/gcc/arm-none-eabi/14.3.1/../../../../arm-none-eabi/lib/thumb/v7e-m+fp/hard/libm.a(libm_a-sf_sin.o)
                              CMakeFiles/Acid_Motor.dir/Core/Src/bldc_foc.c.obj (sinf)
/home/acid/.local/share/stm32cube/bundles/gnu-tools-for-stm32/14.3.1+st.2/bin/../lib/gcc/arm-none-eabi/14.3.1/../../../../arm-none-eabi/lib/thumb/v7e-m+fp/hard/libm.a(libm_a-ef_sqrt.o)
                              /home/acid/.local/share/stm32cube/bundles/gnu-tools-for-stm32/14.3.1+st.2/bin/../lib/gcc/arm-none-eabi/14.3.1/../../../../arm-none-eabi/lib/thumb/v7e-m+fp/hard/libm.a(libm_a-wf_sqrt.o) (__ieee754_sqrtf)
/home/acid/.local/share/stm32cube/bundles/gnu-tools-for-stm32/14.3.1+st.2/bin/../lib/gcc/arm-none-eabi/14.3.1/../../../../arm-none-eabi/lib/thumb/v7e-m+fp/hard/libm.a(libm_a-kf_cos.o)
                              /home/acid/.local/share/stm32cube/bundles/gnu-tools-for-stm32/14.3.1+st.2/bin/../lib/gcc/arm-none-eabi/14.3.1/../../../../arm-none-eabi/lib/thumb/v7e-m+fp/hard/libm.a(libm_a-sf_cos.o) (__kernel_cosf)
/home/acid/.local/share/stm32cube/bundles/gnu-tools-for-stm32/14.3.1+st.2/bin/../lib/gcc/arm-none-eabi/14.3.1/../../../../arm-none-eabi/lib/thumb/v7e-m+fp/hard/libm.a(libm_a-kf_sin.o)
                              /home/acid/.local/share/stm32cube/bundles/gnu-tools-for-stm32/14.3.1+st.2/bin/../lib/gcc/arm-none-eabi/14.3.1/../../../../arm-none-eabi/lib/thumb/v7e-m+fp/hard/libm.a(libm_a-sf_cos.o) (__kernel_sinf)
/home/acid/.local/share/stm32cube/bundles/gnu-tools-for-stm32/14.3.1+st.2/bin/../lib/gcc/arm-none-eabi/14.3.1/../../../../arm-none-eabi/lib/thumb/v7e-m+fp/hard/libm.a(libm_a-ef_atan2.o)
                              /home/acid/.local/share/stm32cube/bundles/gnu-tools-for-stm32/14.3.1+st.2/bin/../lib/gcc/arm-none-eabi/14.3.1/../../../../arm-none-eabi/lib/thumb/v7e-m+fp/hard/libm.a(libm_a-wf_atan2.o) (__ieee754_atan2f)
/home/acid/.local/share/stm32cube/bundles/gnu-tools-for-stm32/14.3.1+st.2/bin/../lib/gcc/arm-none-eabi/14.3.1/../../../../arm-none-eabi/lib/thumb/v7e-m+fp/hard/libm.a(libm_a-ef_fmod.o)
                              /home/acid/.local/share/stm32cube/bundles/gnu-tools-for-stm32/14.3.1+st.2/bin/../lib/gcc/arm-none-eabi/14.3.1/../../../../arm-none-eabi/lib/thumb/v7e-m+fp/hard/libm.a(libm_a-wf_fmod.o) (__ieee754_fmodf)
/home/acid/.local/share/stm32cube/bundles/gnu-tools-for-stm32/14.3.1+st.2/bin/../lib/gcc/arm-none-eabi/14.3.1/../../../../arm-none-eabi/lib/thumb/v7e-m+fp/hard/libm.a(libm_a-ef_rem_pio2.o)
                              /home/acid/.local/share/stm32cube/bundles/gnu-tools-for-stm32/14.3.1+st.2/bin/../lib/gcc/arm-none-eabi/14.3.1/../../../../arm-none-eabi/lib/thumb/v7e-m+fp/hard/libm.a(libm_a-sf_cos.o) (__ieee754_rem_pio2f)
/home/acid/.local/share/stm32cube/bundles/gnu-tools-for-stm32/14.3.1+st.2/bin/../lib/gcc/arm-none-eabi/14.3.1/../../../../arm-none-eabi/lib/thumb/v7e-m+fp/hard/libm.a(libm_a-sf_atan.o)
                              /home/acid/.local/share/stm32cube/bundles/gnu-tools-for-stm32/14.3.1+st.2/bin/../lib/gcc/arm-none-eabi/14.3.1/../../../../arm-none-eabi/lib/thumb/v7e-m+fp/hard/libm.a(libm_a-ef_atan2.o) (atanf)
/home/acid/.local/share/stm32cube/bundles/gnu-tools-for-stm32/14.3.1+st.2/bin/../lib/gcc/arm-none-eabi/14.3.1/../../../../arm-none-eabi/lib/thumb/v7e-m+fp/hard/libm.a(libm_a-sf_fabs.o)
                              /home/acid/.local/share/stm32cube/bundles/gnu-tools-for-stm32/14.3.1+st.2/bin/../lib/gcc/arm-none-eabi/14.3.1/../../../../arm-none-eabi/lib/thumb/v7e-m+fp/hard/libm.a(libm_a-ef_atan2.o) (fabsf)
/home/acid/.local/share/stm32cube/bundles/gnu-tools-for-stm32/14.3.1+st.2/bin/../lib/gcc/arm-none-eabi/14.3.1/../../../../arm-none-eabi/lib/thumb/v7e-m+fp/hard/libm.a(libm_a-kf_rem_pio2.o)
[...]
Memory Configuration

Name             Origin             Length             Attributes
RAM              0x20000000         0x00008000         xrw
FLASH            0x08000000         0x00020000         xr
*default*        0x00000000         0xffffffff

Linker script and memory map

LOAD /home/acid/.local/share/stm32cube/bundles/gnu-tools-for-stm32/14.3.1+st.2/bin/../lib/gcc/arm-none-eabi/14.3.1/thumb/v7e-m+fp/hard/crti.o
LOAD /home/acid/.local/share/stm32cube/bundles/gnu-tools-for-stm32/14.3.1+st.2/bin/../lib/gcc/arm-none-eabi/14.3.1/thumb/v7e-m+fp/hard/crtbegin.o
LOAD /home/acid/.local/share/stm32cube/bundles/gnu-tools-for-stm32/14.3.1+st.2/bin/../lib/gcc/arm-none-eabi/14.3.1/../../../../arm-none-eabi/lib/thumb/v7e-m+fp/hard/crt0.o
LOAD cmake/stm32cubemx/CMakeFiles/STM32_Drivers.dir/__/__/Core/Src/system_stm32g4xx.c.obj
LOAD cmake/stm32cubemx/CMakeFiles/STM32_Drivers.dir/__/__/Drivers/STM32G4xx_HAL_Driver/Src/stm32g4xx_hal_adc.c.obj
LOAD cmake/stm32cubemx/CMakeFiles/STM32_Drivers.dir/__/__/Drivers/STM32G4xx_HAL_Driver/Src/stm32g4xx_hal_adc_ex.c.obj
LOAD cmake/stm32cubemx/CMakeFiles/STM32_Drivers.dir/__/__/Drivers/STM32G4xx_HAL_Driver/Src/stm32g4xx_ll_adc.c.obj
LOAD cmake/stm32cubemx/CMakeFiles/STM32_Drivers.dir/__/__/Drivers/STM32G4xx_HAL_Driver/Src/stm32g4xx_hal.c.obj
LOAD cmake/stm32cubemx/CMakeFiles/STM32_Drivers.dir/__/__/Drivers/STM32G4xx_HAL_Driver/Src/stm32g4xx_hal_rcc.c.obj
LOAD cmake/stm32cubemx/CMakeFiles/STM32_Drivers.dir/__/__/Drivers/STM32G4xx_HAL_Driver/Src/stm32g4xx_hal_rcc_ex.c.obj
LOAD cmake/stm32cubemx/CMakeFiles/STM32_Drivers.dir/__/__/Drivers/STM32G4xx_HAL_Driver/Src/stm32g4xx_hal_flash.c.obj
LOAD cmake/stm32cubemx/CMakeFiles/STM32_Drivers.dir/__/__/Drivers/STM32G4xx_HAL_Driver/Src/stm32g4xx_hal_flash_ex.c.obj
LOAD cmake/stm32cubemx/CMakeFiles/STM32_Drivers.dir/__/__/Drivers/STM32G4xx_HAL_Driver/Src/stm32g4xx_hal_flash_ramfunc.c.obj
LOAD cmake/stm32cubemx/CMakeFiles/STM32_Drivers.dir/__/__/Drivers/STM32G4xx_HAL_Driver/Src/stm32g4xx_hal_gpio.c.obj
LOAD cmake/stm32cubemx/CMakeFiles/STM32_Drivers.dir/__/__/Drivers/STM32G4xx_HAL_Driver/Src/stm32g4xx_hal_exti.c.obj
LOAD cmake/stm32cubemx/CMakeFiles/STM32_Drivers.dir/__/__/Drivers/STM32G4xx_HAL_Driver/Src/stm32g4xx_hal_dma.c.obj
LOAD cmake/stm32cubemx/CMakeFiles/STM32_Drivers.dir/__/__/Drivers/STM32G4xx_HAL_Driver/Src/stm32g4xx_hal_dma_ex.c.obj
LOAD cmake/stm32cubemx/CMakeFiles/STM32_Drivers.dir/__/__/Drivers/STM32G4xx_HAL_Driver/Src/stm32g4xx_hal_pwr.c.obj
LOAD cmake/stm32cubemx/CMakeFiles/STM32_Drivers.dir/__/__/Drivers/STM32G4xx_HAL_Driver/Src/stm32g4xx_hal_pwr_ex.c.obj
LOAD cmake/stm32cubemx/CMakeFiles/STM32_Drivers.dir/__/__/Drivers/STM32G4xx_HAL_Driver/Src/stm32g4xx_hal_cortex.c.obj
LOAD cmake/stm32cubemx/CMakeFiles/STM32_Drivers.dir/__/__/Drivers/STM32G4xx_HAL_Driver/Src/stm32g4xx_hal_opamp.c.obj
LOAD cmake/stm32cubemx/CMakeFiles/STM32_Drivers.dir/__/__/Drivers/STM32G4xx_HAL_Driver/Src/stm32g4xx_hal_opamp_ex.c.obj
LOAD cmake/stm32cubemx/CMakeFiles/STM32_Drivers.dir/__/__/Drivers/STM32G4xx_HAL_Driver/Src/stm32g4xx_hal_spi.c.obj
LOAD cmake/stm32cubemx/CMakeFiles/STM32_Drivers.dir/__/__/Drivers/STM32G4xx_HAL_Driver/Src/stm32g4xx_hal_spi_ex.c.obj
LOAD cmake/stm32cubemx/CMakeFiles/STM32_Drivers.dir/__/__/Drivers/STM32G4xx_HAL_Driver/Src/stm32g4xx_hal_tim.c.obj
LOAD cmake/stm32cubemx/CMakeFiles/STM32_Drivers.dir/__/__/Drivers/STM32G4xx_HAL_Driver/Src/stm32g4xx_hal_tim_ex.c.obj
LOAD cmake/stm32cubemx/CMakeFiles/STM32_Drivers.dir/__/__/Drivers/STM32G4xx_HAL_Driver/Src/stm32g4xx_hal_uart.c.obj
LOAD cmake/stm32cubemx/CMakeFiles/STM32_Drivers.dir/__/__/Drivers/STM32G4xx_HAL_Driver/Src/stm32g4xx_hal_uart_ex.c.obj
LOAD CMakeFiles/Acid_Motor.dir/Core/Src/main.c.obj
LOAD CMakeFiles/Acid_Motor.dir/Core/Src/gpio.c.obj
LOAD CMakeFiles/Acid_Motor.dir/Core/Src/adc.c.obj
LOAD CMakeFiles/Acid_Motor.dir/Core/Src/opamp.c.obj
LOAD CMakeFiles/Acid_Motor.dir/Core/Src/spi.c.obj
LOAD CMakeFiles/Acid_Motor.dir/Core/Src/tim.c.obj
LOAD CMakeFiles/Acid_Motor.dir/Core/Src/usart.c.obj
LOAD CMakeFiles/Acid_Motor.dir/Core/Src/stm32g4xx_it.c.obj
LOAD CMakeFiles/Acid_Motor.dir/Core/Src/stm32g4xx_hal_msp.c.obj
LOAD CMakeFiles/Acid_Motor.dir/Core/Src/sysmem.c.obj
LOAD CMakeFiles/Acid_Motor.dir/Core/Src/syscalls.c.obj
LOAD CMakeFiles/Acid_Motor.dir/startup_stm32g431xx.s.obj
LOAD CMakeFiles/Acid_Motor.dir/Core/Src/bldc_foc.c.obj
LOAD CMakeFiles/Acid_Motor.dir/Core/Src/uart_debug.c.obj
LOAD CMakeFiles/Acid_Motor.dir/Core/Src/circular_buffer.c.obj
LOAD CMakeFiles/Acid_Motor.dir/Core/Src/motor_uart_control.c.obj
LOAD CMakeFiles/Acid_Motor.dir/Core/Src/ma600_encoder.c.obj
LOAD /home/acid/.local/share/stm32cube/bundles/gnu-tools-for-stm32/14.3.1+st.2/bin/../lib/gcc/arm-none-eabi/14.3.1/../../../../arm-none-eabi/lib/thumb/v7e-m+fp/hard/libm.a
START GROUP
LOAD /home/acid/.local/share/stm32cube/bundles/gnu-tools-for-stm32/14.3.1+st.2/bin/../lib/gcc/arm-none-eabi/14.3.1/thumb/v7e-m+fp/hard/libgcc.a
LOAD /home/acid/.local/share/stm32cube/bundles/gnu-tools-for-stm32/14.3.1+st.2/bin/../lib/gcc/arm-none-eabi/14.3.1/../../../../arm-none-eabi/lib/thumb/v7e-m+fp/hard/libg_nano.a
LOAD /home/acid/.local/share/stm32cube/bundles/gnu-tools-for-stm32/14.3.1+st.2/bin/../lib/gcc/arm-none-eabi/14.3.1/../../../../arm-none-eabi/lib/thumb/v7e-m+fp/hard/libc_nano.a
END GROUP
START GROUP
LOAD /home/acid/.local/share/stm32cube/bundles/gnu-tools-for-stm32/14.3.1+st.2/bin/../lib/gcc/arm-none-eabi/14.3.1/thumb/v7e-m+fp/hard/libgcc.a
LOAD /home/acid/.local/share/stm32cube/bundles/gnu-tools-for-stm32/14.3.1+st.2/bin/../lib/gcc/arm-none-eabi/14.3.1/../../../../arm-none-eabi/lib/thumb/v7e-m+fp/hard/libc_nano.a
END GROUP
LOAD /home/acid/.local/share/stm32cube/bundles/gnu-tools-for-stm32/14.3.1+st.2/bin/../lib/gcc/arm-none-eabi/14.3.1/thumb/v7e-m+fp/hard/crtend.o
LOAD /home/acid/.local/share/stm32cube/bundles/gnu-tools-for-stm32/14.3.1+st.2/bin/../lib/gcc/arm-none-eabi/14.3.1/thumb/v7e-m+fp/hard/crtn.o
                0x20008000                        _estack = (ORIGIN (RAM) + LENGTH (RAM))
                0x20007c00                        _sstack = (_estack - _Min_Stack_Size)
                0x00000200                        _Min_Heap_Size = 0x200
                0x00000400                        _Min_Stack_Size = 0x400

.isr_vector     0x08000000      0x1d8
                0x08000000                        . = ALIGN (0x4)
 *(.isr_vector)
 .isr_vector    0x08000000      0x1d8 CMakeFiles/Acid_Motor.dir/startup_stm32g431xx.s.obj
                0x08000000                g_pfnVectors
                0x080001d8                        . = ALIGN (0x4)

.text           0x080001e0     0xc5b0
                0x080001e0                        . = ALIGN (0x4)
 *(.text)
 .text          0x080001e0       0x40 /home/acid/.local/share/stm32cube/bundles/gnu-tools-for-stm32/14.3.1+st.2/bin/../lib/gcc/arm-none-eabi/14.3.1/thumb/v7e-m+fp/hard/crtbegin.o
 .text          0x08000220       0x30 /home/acid/.local/share/stm32cube/bundles/gnu-tools-for-stm32/14.3.1+st.2/bin/../lib/gcc/arm-none-eabi/14.3.1/thumb/v7e-m+fp/hard/libgcc.a(_aeabi_uldivmod.o)
                0x08000220                __aeabi_uldivmod
 .text          0x08000250      0x2f8 /home/acid/.local/share/stm32cube/bundles/gnu-tools-for-stm32/14.3.1+st.2/bin/../lib/gcc/arm-none-eabi/14.3.1/thumb/v7e-m+fp/hard/libgcc.a(_udivmoddi4.o)
                0x08000250                __udivmoddi4
 .text          0x08000548        0x4 /home/acid/.local/share/stm32cube/bundles/gnu-tools-for-stm32/14.3.1+st.2/bin/../lib/gcc/arm-none-eabi/14.3.1/thumb/v7e-m+fp/hard/libgcc.a(_dvmd_tls.o)
                0x08000548                __aeabi_ldiv0
                0x08000548                __aeabi_idiv0
 *fill*         0x0800054c        0x4 
 .text          0x08000550       0xa0 /home/acid/.local/share/stm32cube/bundles/gnu-tools-for-stm32/14.3.1+st.2/bin/../lib/gcc/arm-none-eabi/14.3.1/../../../../arm-none-eabi/lib/thumb/v7e-m+fp/hard/libg_nano.a(libc_a-memchr.o)
                0x08000550                memchr
 *(.text*)
 .text.SystemInit
                0x080005f0       0x24 cmake/stm32cubemx/CMakeFiles/STM32_Drivers.dir/__/__/Core/Src/system_stm32g4xx.c.obj
                0x080005f0                SystemInit
 .text.LL_ADC_SetCommonClock
                0x08000614       0x26 cmake/stm32cubemx/CMakeFiles/STM32_Drivers.dir/__/__/Drivers/STM32G4xx_HAL_Driver/Src/stm32g4xx_hal_adc.c.obj
 .text.LL_ADC_SetCommonPathInternalCh
                0x0800063a       0x26 cmake/stm32cubemx/CMakeFiles/STM32_Drivers.dir/__/__/Drivers/STM32G4xx_HAL_Driver/Src/stm32g4xx_hal_adc.c.obj
 .text.LL_ADC_GetCommonPathInternalCh
                0x08000660       0x1c cmake/stm32cubemx/CMakeFiles/STM32_Drivers.dir/__/__/Drivers/STM32G4xx_HAL_Driver/Src/stm32g4xx_hal_adc.c.obj
 .text.LL_ADC_SetOffset
                0x0800067c       0x48 cmake/stm32cubemx/CMakeFiles/STM32_Drivers.dir/__/__/Drivers/STM32G4xx_HAL_Driver/Src/stm32g4xx_hal_adc.c.obj
 .text.LL_ADC_GetOffsetChannel
                0x080006c4       0x2c cmake/stm32cubemx/CMakeFiles/STM32_Drivers.dir/__/__/Drivers/STM32G4xx_HAL_Driver/Src/stm32g4xx_hal_adc.c.obj
 .text.LL_ADC_SetOffsetState
                0x080006f0       0x36 cmake/stm32cubemx/CMakeFiles/STM32_Drivers.dir/__/__/Drivers/STM32G4xx_HAL_Driver/Src/stm32g4xx_hal_adc.c.obj
 .text.LL_ADC_SetOffsetSign
                0x08000726       0x36 cmake/stm32cubemx/CMakeFiles/STM32_Drivers.dir/__/__/Drivers/STM32G4xx_HAL_Driver/Src/stm32g4xx_hal_adc.c.obj
 .text.LL_ADC_SetOffsetSaturation
                0x0800075c       0x36 cmake/stm32cubemx/CMakeFiles/STM32_Drivers.dir/__/__/Drivers/STM32G4xx_HAL_Driver/Src/stm32g4xx_hal_adc.c.obj
 .text.LL_ADC_SetSamplingTimeCommonConfig
                0x08000792       0x26 cmake/stm32cubemx/CMakeFiles/STM32_Drivers.dir/__/__/Drivers/STM32G4xx_HAL_Driver/Src/stm32g4xx_hal_adc.c.obj
 .text.LL_ADC_REG_IsTriggerSourceSWStart
                0x080007b8       0x26 cmake/stm32cubemx/CMakeFiles/STM32_Drivers.dir/__/__/Drivers/STM32G4xx_HAL_Driver/Src/stm32g4xx_hal_adc.c.obj
 .text.LL_ADC_REG_SetSequencerRanks
                0x080007de       0x58 cmake/stm32cubemx/CMakeFiles/STM32_Drivers.dir/__/__/Drivers/STM32G4xx_HAL_Driver/Src/stm32g4xx_hal_adc.c.obj
 .text.LL_ADC_INJ_IsTriggerSourceSWStart
                0x08000836       0x26 cmake/stm32cubemx/CMakeFiles/STM32_Drivers.dir/__/__/Drivers/STM32G4xx_HAL_Driver/Src/stm32g4xx_hal_adc.c.obj
 .text.LL_ADC_SetChannelSamplingTime
                0x0800085c       0x56 cmake/stm32cubemx/CMakeFiles/STM32_Drivers.dir/__/__/Drivers/STM32G4xx_HAL_Driver/Src/stm32g4xx_hal_adc.c.obj
 *fill*         0x080008b2        0x2 
 .text.LL_ADC_SetChannelSingleDiff
                0x080008b4       0x48 cmake/stm32cubemx/CMakeFiles/STM32_Drivers.dir/__/__/Drivers/STM32G4xx_HAL_Driver/Src/stm32g4xx_hal_adc.c.obj
 .text.LL_ADC_GetMultimode
                0x080008fc       0x1c cmake/stm32cubemx/CMakeFiles/STM32_Drivers.dir/__/__/Drivers/STM32G4xx_HAL_Driver/Src/stm32g4xx_hal_adc.c.obj
 .text.LL_ADC_GetMultiDMATransfer
                0x08000918       0x1c cmake/stm32cubemx/CMakeFiles/STM32_Drivers.dir/__/__/Drivers/STM32G4xx_HAL_Driver/Src/stm32g4xx_hal_adc.c.obj
 .text.LL_ADC_DisableDeepPowerDown
                0x08000934       0x24 cmake/stm32cubemx/CMakeFiles/STM32_Drivers.dir/__/__/Drivers/STM32G4xx_HAL_Driver/Src/stm32g4xx_hal_adc.c.obj
 .text.LL_ADC_IsDeepPowerDownEnabled
                0x08000958       0x28 cmake/stm32cubemx/CMakeFiles/STM32_Drivers.dir/__/__/Drivers/STM32G4xx_HAL_Driver/Src/stm32g4xx_hal_adc.c.obj
 .text.LL_ADC_EnableInternalRegulator
                0x08000980       0x28 cmake/stm32cubemx/CMakeFiles/STM32_Drivers.dir/__/__/Drivers/STM32G4xx_HAL_Driver/Src/stm32g4xx_hal_adc.c.obj
 .text.LL_ADC_IsInternalRegulatorEnabled
                0x080009a8       0x28 cmake/stm32cubemx/CMakeFiles/STM32_Drivers.dir/__/__/Drivers/STM32G4xx_HAL_Driver/Src/stm32g4xx_hal_adc.c.obj
 .text.LL_ADC_Enable
                0x080009d0       0x28 cmake/stm32cubemx/CMakeFiles/STM32_Drivers.dir/__/__/Drivers/STM32G4xx_HAL_Driver/Src/stm32g4xx_hal_adc.c.obj
 .text.LL_ADC_Disable
                0x080009f8       0x28 cmake/stm32cubemx/CMakeFiles/STM32_Drivers.dir/__/__/Drivers/STM32G4xx_HAL_Driver/Src/stm32g4xx_hal_adc.c.obj
 .text.LL_ADC_IsEnabled
                0x08000a20       0x26 cmake/stm32cubemx/CMakeFiles/STM32_Drivers.dir/__/__/Drivers/STM32G4xx_HAL_Driver/Src/stm32g4xx_hal_adc.c.obj
 .text.LL_ADC_IsDisableOngoing
                0x08000a46       0x26 cmake/stm32cubemx/CMakeFiles/STM32_Drivers.dir/__/__/Drivers/STM32G4xx_HAL_Driver/Src/stm32g4xx_hal_adc.c.obj
 .text.LL_ADC_REG_IsConversionOngoing
                0x08000a6c       0x26 cmake/stm32cubemx/CMakeFiles/STM32_Drivers.dir/__/__/Drivers/STM32G4xx_HAL_Driver/Src/stm32g4xx_hal_adc.c.obj
 .text.LL_ADC_INJ_IsConversionOngoing
                0x08000a92       0x26 cmake/stm32cubemx/CMakeFiles/STM32_Drivers.dir/__/__/Drivers/STM32G4xx_HAL_Driver/Src/stm32g4xx_hal_adc.c.obj
 .text.HAL_ADC_Init
                0x08000ab8      0x308 cmake/stm32cubemx/CMakeFiles/STM32_Drivers.dir/__/__/Drivers/STM32G4xx_HAL_Driver/Src/stm32g4xx_hal_adc.c.obj
                0x08000ab8                HAL_ADC_Init
 .text.HAL_ADC_IRQHandler
                0x08000dc0      0x434 cmake/stm32cubemx/CMakeFiles/STM32_Drivers.dir/__/__/Drivers/STM32G4xx_HAL_Driver/Src/stm32g4xx_hal_adc.c.obj
                0x08000dc0                HAL_ADC_IRQHandler
 .text.HAL_ADC_ConvCpltCallback
                0x080011f4       0x14 cmake/stm32cubemx/CMakeFiles/STM32_Drivers.dir/__/__/Drivers/STM32G4xx_HAL_Driver/Src/stm32g4xx_hal_adc.c.obj
                0x080011f4                HAL_ADC_ConvCpltCallback
 .text.HAL_ADC_LevelOutOfWindowCallback
                0x08001208       0x14 cmake/stm32cubemx/CMakeFiles/STM32_Drivers.dir/__/__/Drivers/STM32G4xx_HAL_Driver/Src/stm32g4xx_hal_adc.c.obj
                0x08001208                HAL_ADC_LevelOutOfWindowCallback
 .text.HAL_ADC_ErrorCallback
                0x0800121c       0x14 cmake/stm32cubemx/CMakeFiles/STM32_Drivers.dir/__/__/Drivers/STM32G4xx_HAL_Driver/Src/stm32g4xx_hal_adc.c.obj
                0x0800121c                HAL_ADC_ErrorCallback
 .text.HAL_ADC_ConfigChannel
                0x08001230      0x7e0 cmake/stm32cubemx/CMakeFiles/STM32_Drivers.dir/__/__/Drivers/STM32G4xx_HAL_Driver/Src/stm32g4xx_hal_adc.c.obj
                0x08001230                HAL_ADC_ConfigChannel
 .text.ADC_Enable
                0x08001a10      0x10c cmake/stm32cubemx/CMakeFiles/STM32_Drivers.dir/__/__/Drivers/STM32G4xx_HAL_Driver/Src/stm32g4xx_hal_adc.c.obj
                0x08001a10                ADC_Enable
 .text.ADC_Disable
                0x08001b1c       0xbe cmake/stm32cubemx/CMakeFiles/STM32_Drivers.dir/__/__/Drivers/STM32G4xx_HAL_Driver/Src/stm32g4xx_hal_adc.c.obj
                0x08001b1c                ADC_Disable
 .text.LL_ADC_SetCommonPathInternalCh
                0x08001bda       0x26 cmake/stm32cubemx/CMakeFiles/STM32_Drivers.dir/__/__/Drivers/STM32G4xx_HAL_Driver/Src/stm32g4xx_hal_adc_ex.c.obj
 .text.LL_ADC_GetCommonPathInternalCh
                0x08001c00       0x1c cmake/stm32cubemx/CMakeFiles/STM32_Drivers.dir/__/__/Drivers/STM32G4xx_HAL_Driver/Src/stm32g4xx_hal_adc_ex.c.obj
 .text.LL_ADC_SetOffset
                0x08001c1c       0x48 cmake/stm32cubemx/CMakeFiles/STM32_Drivers.dir/__/__/Drivers/STM32G4xx_HAL_Driver/Src/stm32g4xx_hal_adc_ex.c.obj
 .text.LL_ADC_GetOffsetChannel
                0x08001c64       0x2c cmake/stm32cubemx/CMakeFiles/STM32_Drivers.dir/__/__/Drivers/STM32G4xx_HAL_Driver/Src/stm32g4xx_hal_adc_ex.c.obj
 .text.LL_ADC_SetOffsetState
                0x08001c90       0x36 cmake/stm32cubemx/CMakeFiles/STM32_Drivers.dir/__/__/Drivers/STM32G4xx_HAL_Driver/Src/stm32g4xx_hal_adc_ex.c.obj
 .text.LL_ADC_SetOffsetSign
                0x08001cc6       0x36 cmake/stm32cubemx/CMakeFiles/STM32_Drivers.dir/__/__/Drivers/STM32G4xx_HAL_Driver/Src/stm32g4xx_hal_adc_ex.c.obj
 .text.LL_ADC_SetOffsetSaturation
                0x08001cfc       0x36 cmake/stm32cubemx/CMakeFiles/STM32_Drivers.dir/__/__/Drivers/STM32G4xx_HAL_Driver/Src/stm32g4xx_hal_adc_ex.c.obj
 .text.LL_ADC_SetSamplingTimeCommonConfig
                0x08001d32       0x26 cmake/stm32cubemx/CMakeFiles/STM32_Drivers.dir/__/__/Drivers/STM32G4xx_HAL_Driver/Src/stm32g4xx_hal_adc_ex.c.obj
 .text.LL_ADC_INJ_GetTrigAuto
                0x08001d58       0x1c cmake/stm32cubemx/CMakeFiles/STM32_Drivers.dir/__/__/Drivers/STM32G4xx_HAL_Driver/Src/stm32g4xx_hal_adc_ex.c.obj
 .text.LL_ADC_SetChannelSamplingTime
                0x08001d74       0x56 cmake/stm32cubemx/CMakeFiles/STM32_Drivers.dir/__/__/Drivers/STM32G4xx_HAL_Driver/Src/stm32g4xx_hal_adc_ex.c.obj
 *fill*         0x08001dca        0x2 
 .text.LL_ADC_SetChannelSingleDiff
                0x08001dcc       0x48 cmake/stm32cubemx/CMakeFiles/STM32_Drivers.dir/__/__/Drivers/STM32G4xx_HAL_Driver/Src/stm32g4xx_hal_adc_ex.c.obj
 .text.LL_ADC_GetMultimode
                0x08001e14       0x1c cmake/stm32cubemx/CMakeFiles/STM32_Drivers.dir/__/__/Drivers/STM32G4xx_HAL_Driver/Src/stm32g4xx_hal_adc_ex.c.obj
 .text.LL_ADC_IsEnabled
                0x08001e30       0x26 cmake/stm32cubemx/CMakeFiles/STM32_Drivers.dir/__/__/Drivers/STM32G4xx_HAL_Driver/Src/stm32g4xx_hal_adc_ex.c.obj
 .text.LL_ADC_StartCalibration
                0x08001e56       0x32 cmake/stm32cubemx/CMakeFiles/STM32_Drivers.dir/__/__/Drivers/STM32G4xx_HAL_Driver/Src/stm32g4xx_hal_adc_ex.c.obj
 .text.LL_ADC_IsCalibrationOnGoing
                0x08001e88       0x28 cmake/stm32cubemx/CMakeFiles/STM32_Drivers.dir/__/__/Drivers/STM32G4xx_HAL_Driver/Src/stm32g4xx_hal_adc_ex.c.obj
 .text.LL_ADC_REG_IsConversionOngoing
                0x08001eb0       0x26 cmake/stm32cubemx/CMakeFiles/STM32_Drivers.dir/__/__/Drivers/STM32G4xx_HAL_Driver/Src/stm32g4xx_hal_adc_ex.c.obj
 .text.LL_ADC_INJ_StartConversion
                0x08001ed6       0x28 cmake/stm32cubemx/CMakeFiles/STM32_Drivers.dir/__/__/Drivers/STM32G4xx_HAL_Driver/Src/stm32g4xx_hal_adc_ex.c.obj
 .text.LL_ADC_INJ_IsConversionOngoing
                0x08001efe       0x26 cmake/stm32cubemx/CMakeFiles/STM32_Drivers.dir/__/__/Drivers/STM32G4xx_HAL_Driver/Src/stm32g4xx_hal_adc_ex.c.obj
 .text.HAL_ADCEx_Calibration_Start
                0x08001f24       0xc4 cmake/stm32cubemx/CMakeFiles/STM32_Drivers.dir/__/__/Drivers/STM32G4xx_HAL_Driver/Src/stm32g4xx_hal_adc_ex.c.obj
                0x08001f24                HAL_ADCEx_Calibration_Start
 .text.HAL_ADCEx_InjectedStart_IT
                0x08001fe8      0x1cc cmake/stm32cubemx/CMakeFiles/STM32_Drivers.dir/__/__/Drivers/STM32G4xx_HAL_Driver/Src/stm32g4xx_hal_adc_ex.c.obj
                0x08001fe8                HAL_ADCEx_InjectedStart_IT
 .text.HAL_ADCEx_InjectedGetValue
                0x080021b4       0x70 cmake/stm32cubemx/CMakeFiles/STM32_Drivers.dir/__/__/Drivers/STM32G4xx_HAL_Driver/Src/stm32g4xx_hal_adc_ex.c.obj
                0x080021b4                HAL_ADCEx_InjectedGetValue
 .text.HAL_ADCEx_InjectedQueueOverflowCallback
                0x08002224       0x14 cmake/stm32cubemx/CMakeFiles/STM32_Drivers.dir/__/__/Drivers/STM32G4xx_HAL_Driver/Src/stm32g4xx_hal_adc_ex.c.obj
                0x08002224                HAL_ADCEx_InjectedQueueOverflowCallback
 .text.HAL_ADCEx_LevelOutOfWindow2Callback
                0x08002238       0x14 cmake/stm32cubemx/CMakeFiles/STM32_Drivers.dir/__/__/Drivers/STM32G4xx_HAL_Driver/Src/stm32g4xx_hal_adc_ex.c.obj
                0x08002238                HAL_ADCEx_LevelOutOfWindow2Callback
 .text.HAL_ADCEx_LevelOutOfWindow3Callback
                0x0800224c       0x14 cmake/stm32cubemx/CMakeFiles/STM32_Drivers.dir/__/__/Drivers/STM32G4xx_HAL_Driver/Src/stm32g4xx_hal_adc_ex.c.obj
                0x0800224c                HAL_ADCEx_LevelOutOfWindow3Callback
 .text.HAL_ADCEx_EndOfSamplingCallback
                0x08002260       0x14 cmake/stm32cubemx/CMakeFiles/STM32_Drivers.dir/__/__/Drivers/STM32G4xx_HAL_Driver/Src/stm32g4xx_hal_adc_ex.c.obj
                0x08002260                HAL_ADCEx_EndOfSamplingCallback
 .text.HAL_ADCEx_InjectedConfigChannel
                0x08002274      0x9c0 cmake/stm32cubemx/CMakeFiles/STM32_Drivers.dir/__/__/Drivers/STM32G4xx_HAL_Driver/Src/stm32g4xx_hal_adc_ex.c.obj
                0x08002274                HAL_ADCEx_InjectedConfigChannel
 .text.HAL_ADCEx_MultiModeConfigChannel
                0x08002c34      0x148 cmake/stm32cubemx/CMakeFiles/STM32_Drivers.dir/__/__/Drivers/STM32G4xx_HAL_Driver/Src/stm32g4xx_hal_adc_ex.c.obj
                0x08002c34                HAL_ADCEx_MultiModeConfigChannel
 .text.HAL_Init
                0x08002d7c       0x30 cmake/stm32cubemx/CMakeFiles/STM32_Drivers.dir/__/__/Drivers/STM32G4xx_HAL_Driver/Src/stm32g4xx_hal.c.obj
                0x08002d7c                HAL_Init
 .text.HAL_InitTick
                0x08002dac       0x74 cmake/stm32cubemx/CMakeFiles/STM32_Drivers.dir/__/__/Drivers/STM32G4xx_HAL_Driver/Src/stm32g4xx_hal.c.obj
                0x08002dac                HAL_InitTick
 .text.HAL_IncTick
                0x08002e20       0x24 cmake/stm32cubemx/CMakeFiles/STM32_Drivers.dir/__/__/Drivers/STM32G4xx_HAL_Driver/Src/stm32g4xx_hal.c.obj
                0x08002e20                HAL_IncTick
 .text.HAL_GetTick
                0x08002e44       0x18 cmake/stm32cubemx/CMakeFiles/STM32_Drivers.dir/__/__/Drivers/STM32G4xx_HAL_Driver/Src/stm32g4xx_hal.c.obj
                0x08002e44                HAL_GetTick
 .text.HAL_RCC_OscConfig
                0x08002e5c      0x624 cmake/stm32cubemx/CMakeFiles/STM32_Drivers.dir/__/__/Drivers/STM32G4xx_HAL_Driver/Src/stm32g4xx_hal_rcc.c.obj
                0x08002e5c                HAL_RCC_OscConfig
 .text.HAL_RCC_ClockConfig
                0x08003480      0x278 cmake/stm32cubemx/CMakeFiles/STM32_Drivers.dir/__/__/Drivers/STM32G4xx_HAL_Driver/Src/stm32g4xx_hal_rcc.c.obj
                0x08003480                HAL_RCC_ClockConfig
 .text.HAL_RCC_GetSysClockFreq
                0x080036f8       0xc4 cmake/stm32cubemx/CMakeFiles/STM32_Drivers.dir/__/__/Drivers/STM32G4xx_HAL_Driver/Src/stm32g4xx_hal_rcc.c.obj
                0x080036f8                HAL_RCC_GetSysClockFreq
 .text.HAL_RCC_GetHCLKFreq
                0x080037bc       0x18 cmake/stm32cubemx/CMakeFiles/STM32_Drivers.dir/__/__/Drivers/STM32G4xx_HAL_Driver/Src/stm32g4xx_hal_rcc.c.obj
                0x080037bc                HAL_RCC_GetHCLKFreq
 .text.HAL_RCC_GetPCLK1Freq
                0x080037d4       0x2c cmake/stm32cubemx/CMakeFiles/STM32_Drivers.dir/__/__/Drivers/STM32G4xx_HAL_Driver/Src/stm32g4xx_hal_rcc.c.obj
                0x080037d4                HAL_RCC_GetPCLK1Freq
 .text.HAL_RCC_GetPCLK2Freq
                0x08003800       0x2c cmake/stm32cubemx/CMakeFiles/STM32_Drivers.dir/__/__/Drivers/STM32G4xx_HAL_Driver/Src/stm32g4xx_hal_rcc.c.obj
                0x08003800                HAL_RCC_GetPCLK2Freq
 .text.RCC_GetSysClockFreqFromPLLSource
                0x0800382c       0x8c cmake/stm32cubemx/CMakeFiles/STM32_Drivers.dir/__/__/Drivers/STM32G4xx_HAL_Driver/Src/stm32g4xx_hal_rcc.c.obj
 .text.HAL_RCCEx_PeriphCLKConfig
                0x080038b8      0x3e0 cmake/stm32cubemx/CMakeFiles/STM32_Drivers.dir/__/__/Drivers/STM32G4xx_HAL_Driver/Src/stm32g4xx_hal_rcc_ex.c.obj
                0x080038b8                HAL_RCCEx_PeriphCLKConfig
 .text.HAL_GPIO_Init
                0x08003c98      0x318 cmake/stm32cubemx/CMakeFiles/STM32_Drivers.dir/__/__/Drivers/STM32G4xx_HAL_Driver/Src/stm32g4xx_hal_gpio.c.obj
                0x08003c98                HAL_GPIO_Init
 .text.HAL_GPIO_WritePin
                0x08003fb0       0x30 cmake/stm32cubemx/CMakeFiles/STM32_Drivers.dir/__/__/Drivers/STM32G4xx_HAL_Driver/Src/stm32g4xx_hal_gpio.c.obj
                0x08003fb0                HAL_GPIO_WritePin
 .text.HAL_DMA_Abort
                0x08003fe0       0xbc cmake/stm32cubemx/CMakeFiles/STM32_Drivers.dir/__/__/Drivers/STM32G4xx_HAL_Driver/Src/stm32g4xx_hal_dma.c.obj
                0x08003fe0                HAL_DMA_Abort
 .text.HAL_DMA_Abort_IT
                0x0800409c       0xce cmake/stm32cubemx/CMakeFiles/STM32_Drivers.dir/__/__/Drivers/STM32G4xx_HAL_Driver/Src/stm32g4xx_hal_dma.c.obj
                0x0800409c                HAL_DMA_Abort_IT
 *fill*         0x0800416a        0x2 
 .text.HAL_PWREx_ControlVoltageScaling
                0x0800416c      0x148 cmake/stm32cubemx/CMakeFiles/STM32_Drivers.dir/__/__/Drivers/STM32G4xx_HAL_Driver/Src/stm32g4xx_hal_pwr_ex.c.obj
                0x0800416c                HAL_PWREx_ControlVoltageScaling
 .text.HAL_PWREx_DisableUCPDDeadBattery
                0x080042b4       0x20 cmake/stm32cubemx/CMakeFiles/STM32_Drivers.dir/__/__/Drivers/STM32G4xx_HAL_Driver/Src/stm32g4xx_hal_pwr_ex.c.obj
                0x080042b4                HAL_PWREx_DisableUCPDDeadBattery
 .text.__NVIC_SetPriorityGrouping
                0x080042d4       0x48 cmake/stm32cubemx/CMakeFiles/STM32_Drivers.dir/__/__/Drivers/STM32G4xx_HAL_Driver/Src/stm32g4xx_hal_cortex.c.obj
 .text.__NVIC_GetPriorityGrouping
                0x0800431c       0x1c cmake/stm32cubemx/CMakeFiles/STM32_Drivers.dir/__/__/Drivers/STM32G4xx_HAL_Driver/Src/stm32g4xx_hal_cortex.c.obj
 .text.__NVIC_EnableIRQ
                0x08004338       0x3c cmake/stm32cubemx/CMakeFiles/STM32_Drivers.dir/__/__/Drivers/STM32G4xx_HAL_Driver/Src/stm32g4xx_hal_cortex.c.obj
 .text.__NVIC_SetPriority
                0x08004374       0x54 cmake/stm32cubemx/CMakeFiles/STM32_Drivers.dir/__/__/Drivers/STM32G4xx_HAL_Driver/Src/stm32g4xx_hal_cortex.c.obj
 .text.NVIC_EncodePriority
                0x080043c8       0x66 cmake/stm32cubemx/CMakeFiles/STM32_Drivers.dir/__/__/Drivers/STM32G4xx_HAL_Driver/Src/stm32g4xx_hal_cortex.c.obj
 *fill*         0x0800442e        0x2 
 .text.SysTick_Config
                0x08004430       0x44 cmake/stm32cubemx/CMakeFiles/STM32_Drivers.dir/__/__/Drivers/STM32G4xx_HAL_Driver/Src/stm32g4xx_hal_cortex.c.obj
 .text.HAL_NVIC_SetPriorityGrouping
                0x08004474       0x16 cmake/stm32cubemx/CMakeFiles/STM32_Drivers.dir/__/__/Drivers/STM32G4xx_HAL_Driver/Src/stm32g4xx_hal_cortex.c.obj
                0x08004474                HAL_NVIC_SetPriorityGrouping
 .text.HAL_NVIC_SetPriority
                0x0800448a       0x34 cmake/stm32cubemx/CMakeFiles/STM32_Drivers.dir/__/__/Drivers/STM32G4xx_HAL_Driver/Src/stm32g4xx_hal_cortex.c.obj
                0x0800448a                HAL_NVIC_SetPriority
 .text.HAL_NVIC_EnableIRQ
                0x080044be       0x1c cmake/stm32cubemx/CMakeFiles/STM32_Drivers.dir/__/__/Drivers/STM32G4xx_HAL_Driver/Src/stm32g4xx_hal_cortex.c.obj
                0x080044be                HAL_NVIC_EnableIRQ
 .text.HAL_SYSTICK_Config
                0x080044da       0x18 cmake/stm32cubemx/CMakeFiles/STM32_Drivers.dir/__/__/Drivers/STM32G4xx_HAL_Driver/Src/stm32g4xx_hal_cortex.c.obj
                0x080044da                HAL_SYSTICK_Config
 *fill*         0x080044f2        0x2 
 .text.HAL_OPAMP_Init
                0x080044f4      0x1a0 cmake/stm32cubemx/CMakeFiles/STM32_Drivers.dir/__/__/Drivers/STM32G4xx_HAL_Driver/Src/stm32g4xx_hal_opamp.c.obj
                0x080044f4                HAL_OPAMP_Init
 .text.HAL_OPAMP_Start
                0x08004694       0x62 cmake/stm32cubemx/CMakeFiles/STM32_Drivers.dir/__/__/Drivers/STM32G4xx_HAL_Driver/Src/stm32g4xx_hal_opamp.c.obj
                0x08004694                HAL_OPAMP_Start
 .text.HAL_SPI_Init
                0x080046f6      0x156 cmake/stm32cubemx/CMakeFiles/STM32_Drivers.dir/__/__/Drivers/STM32G4xx_HAL_Driver/Src/stm32g4xx_hal_spi.c.obj
                0x080046f6                HAL_SPI_Init
 .text.HAL_SPI_TransmitReceive
                0x0800484c      0x43e cmake/stm32cubemx/CMakeFiles/STM32_Drivers.dir/__/__/Drivers/STM32G4xx_HAL_Driver/Src/stm32g4xx_hal_spi.c.obj
                0x0800484c                HAL_SPI_TransmitReceive
 *fill*         0x08004c8a        0x2 
 .text.SPI_WaitFlagStateUntilTimeout
                0x08004c8c      0x110 cmake/stm32cubemx/CMakeFiles/STM32_Drivers.dir/__/__/Drivers/STM32G4xx_HAL_Driver/Src/stm32g4xx_hal_spi.c.obj
 .text.SPI_WaitFifoStateUntilTimeout
                0x08004d9c      0x12c cmake/stm32cubemx/CMakeFiles/STM32_Drivers.dir/__/__/Drivers/STM32G4xx_HAL_Driver/Src/stm32g4xx_hal_spi.c.obj
 .text.SPI_EndRxTxTransaction
                0x08004ec8       0x8c cmake/stm32cubemx/CMakeFiles/STM32_Drivers.dir/__/__/Drivers/STM32G4xx_HAL_Driver/Src/stm32g4xx_hal_spi.c.obj
 .text.HAL_TIM_PWM_Init
                0x08004f54       0xae cmake/stm32cubemx/CMakeFiles/STM32_Drivers.dir/__/__/Drivers/STM32G4xx_HAL_Driver/Src/stm32g4xx_hal_tim.c.obj
                0x08004f54                HAL_TIM_PWM_Init
 *fill*         0x08005002        0x2 
 .text.HAL_TIM_PWM_Start
                0x08005004      0x200 cmake/stm32cubemx/CMakeFiles/STM32_Drivers.dir/__/__/Drivers/STM32G4xx_HAL_Driver/Src/stm32g4xx_hal_tim.c.obj
                0x08005004                HAL_TIM_PWM_Start
 .text.HAL_TIM_PWM_ConfigChannel
                0x08005204      0x228 cmake/stm32cubemx/CMakeFiles/STM32_Drivers.dir/__/__/Drivers/STM32G4xx_HAL_Driver/Src/stm32g4xx_hal_tim.c.obj
                0x08005204                HAL_TIM_PWM_ConfigChannel
 .text.TIM_Base_SetConfig
                0x0800542c      0x12c cmake/stm32cubemx/CMakeFiles/STM32_Drivers.dir/__/__/Drivers/STM32G4xx_HAL_Driver/Src/stm32g4xx_hal_tim.c.obj
                0x0800542c                TIM_Base_SetConfig
 .text.TIM_OC1_SetConfig
                0x08005558      0x124 cmake/stm32cubemx/CMakeFiles/STM32_Drivers.dir/__/__/Drivers/STM32G4xx_HAL_Driver/Src/stm32g4xx_hal_tim.c.obj
 .text.TIM_OC2_SetConfig
                0x0800567c      0x118 cmake/stm32cubemx/CMakeFiles/STM32_Drivers.dir/__/__/Drivers/STM32G4xx_HAL_Driver/Src/stm32g4xx_hal_tim.c.obj
                0x0800567c                TIM_OC2_SetConfig
 .text.TIM_OC3_SetConfig
                0x08005794      0x114 cmake/stm32cubemx/CMakeFiles/STM32_Drivers.dir/__/__/Drivers/STM32G4xx_HAL_Driver/Src/stm32g4xx_hal_tim.c.obj
 .text.TIM_OC4_SetConfig
                0x080058a8      0x118 cmake/stm32cubemx/CMakeFiles/STM32_Drivers.dir/__/__/Drivers/STM32G4xx_HAL_Driver/Src/stm32g4xx_hal_tim.c.obj
 .text.TIM_OC5_SetConfig
                0x080059c0       0xc8 cmake/stm32cubemx/CMakeFiles/STM32_Drivers.dir/__/__/Drivers/STM32G4xx_HAL_Driver/Src/stm32g4xx_hal_tim.c.obj
 .text.TIM_OC6_SetConfig
                0x08005a88       0xcc cmake/stm32cubemx/CMakeFiles/STM32_Drivers.dir/__/__/Drivers/STM32G4xx_HAL_Driver/Src/stm32g4xx_hal_tim.c.obj
 .text.TIM_CCxChannelCmd
                0x08005b54       0x4a cmake/stm32cubemx/CMakeFiles/STM32_Drivers.dir/__/__/Drivers/STM32G4xx_HAL_Driver/Src/stm32g4xx_hal_tim.c.obj
                0x08005b54                TIM_CCxChannelCmd
 *fill*         0x08005b9e        0x2 
 .text.HAL_TIMEx_PWMN_Start
                0x08005ba0      0x168 cmake/stm32cubemx/CMakeFiles/STM32_Drivers.dir/__/__/Drivers/STM32G4xx_HAL_Driver/Src/stm32g4xx_hal_tim_ex.c.obj
                0x08005ba0                HAL_TIMEx_PWMN_Start
 .text.HAL_TIMEx_MasterConfigSynchronization
                0x08005d08      0x104 cmake/stm32cubemx/CMakeFiles/STM32_Drivers.dir/__/__/Drivers/STM32G4xx_HAL_Driver/Src/stm32g4xx_hal_tim_ex.c.obj
                0x08005d08                HAL_TIMEx_MasterConfigSynchronization
 .text.HAL_TIMEx_ConfigBreakDeadTime
                0x08005e0c      0x118 cmake/stm32cubemx/CMakeFiles/STM32_Drivers.dir/__/__/Drivers/STM32G4xx_HAL_Driver/Src/stm32g4xx_hal_tim_ex.c.obj
                0x08005e0c                HAL_TIMEx_ConfigBreakDeadTime
 .text.TIM_CCxNChannelCmd
                0x08005f24       0x4a cmake/stm32cubemx/CMakeFiles/STM32_Drivers.dir/__/__/Drivers/STM32G4xx_HAL_Driver/Src/stm32g4xx_hal_tim_ex.c.obj
 .text.HAL_UART_Init
                0x08005f6e       0xa0 cmake/stm32cubemx/CMakeFiles/STM32_Drivers.dir/__/__/Drivers/STM32G4xx_HAL_Driver/Src/stm32g4xx_hal_uart.c.obj
                0x08005f6e                HAL_UART_Init
 *fill*         0x0800600e        0x2 
 .text.HAL_UART_Transmit_IT
                0x08006010      0x128 cmake/stm32cubemx/CMakeFiles/STM32_Drivers.dir/__/__/Drivers/STM32G4xx_HAL_Driver/Src/stm32g4xx_hal_uart.c.obj
                0x08006010                HAL_UART_Transmit_IT
 .text.HAL_UART_Receive_IT
                0x08006138       0x98 cmake/stm32cubemx/CMakeFiles/STM32_Drivers.dir/__/__/Drivers/STM32G4xx_HAL_Driver/Src/stm32g4xx_hal_uart.c.obj
                0x08006138                HAL_UART_Receive_IT
 .text.HAL_UART_IRQHandler
                0x080061d0      0x684 cmake/stm32cubemx/CMakeFiles/STM32_Drivers.dir/__/__/Drivers/STM32G4xx_HAL_Driver/Src/stm32g4xx_hal_uart.c.obj
                0x080061d0                HAL_UART_IRQHandler
 .text.HAL_UART_TxCpltCallback
                0x08006854       0x14 cmake/stm32cubemx/CMakeFiles/STM32_Drivers.dir/__/__/Drivers/STM32G4xx_HAL_Driver/Src/stm32g4xx_hal_uart.c.obj
                0x08006854                HAL_UART_TxCpltCallback
 .text.HAL_UART_ErrorCallback
                0x08006868       0x14 cmake/stm32cubemx/CMakeFiles/STM32_Drivers.dir/__/__/Drivers/STM32G4xx_HAL_Driver/Src/stm32g4xx_hal_uart.c.obj
                0x08006868                HAL_UART_ErrorCallback
 .text.HAL_UARTEx_RxEventCallback
                0x0800687c       0x18 cmake/stm32cubemx/CMakeFiles/STM32_Drivers.dir/__/__/Drivers/STM32G4xx_HAL_Driver/Src/stm32g4xx_hal_uart.c.obj
                0x0800687c                HAL_UARTEx_RxEventCallback
 .text.UART_SetConfig
                0x08006894      0x598 cmake/stm32cubemx/CMakeFiles/STM32_Drivers.dir/__/__/Drivers/STM32G4xx_HAL_Driver/Src/stm32g4xx_hal_uart.c.obj
                0x08006894                UART_SetConfig
 .text.UART_AdvFeatureConfig
                0x08006e2c      0x144 cmake/stm32cubemx/CMakeFiles/STM32_Drivers.dir/__/__/Drivers/STM32G4xx_HAL_Driver/Src/stm32g4xx_hal_uart.c.obj
                0x08006e2c                UART_AdvFeatureConfig
 .text.UART_CheckIdleState
                0x08006f70      0x154 cmake/stm32cubemx/CMakeFiles/STM32_Drivers.dir/__/__/Drivers/STM32G4xx_HAL_Driver/Src/stm32g4xx_hal_uart.c.obj
                0x08006f70                UART_CheckIdleState
 .text.UART_WaitOnFlagUntilTimeout
                0x080070c4       0xda cmake/stm32cubemx/CMakeFiles/STM32_Drivers.dir/__/__/Drivers/STM32G4xx_HAL_Driver/Src/stm32g4xx_hal_uart.c.obj
                0x080070c4                UART_WaitOnFlagUntilTimeout
 *fill*         0x0800719e        0x2 
 .text.UART_Start_Receive_IT
                0x080071a0      0x244 cmake/stm32cubemx/CMakeFiles/STM32_Drivers.dir/__/__/Drivers/STM32G4xx_HAL_Driver/Src/stm32g4xx_hal_uart.c.obj
                0x080071a0                UART_Start_Receive_IT
 .text.UART_EndRxTransfer
                0x080073e4       0xcc cmake/stm32cubemx/CMakeFiles/STM32_Drivers.dir/__/__/Drivers/STM32G4xx_HAL_Driver/Src/stm32g4xx_hal_uart.c.obj
 .text.UART_DMAAbortOnError
                0x080074b0       0x1c cmake/stm32cubemx/CMakeFiles/STM32_Drivers.dir/__/__/Drivers/STM32G4xx_HAL_Driver/Src/stm32g4xx_hal_uart.c.obj
 .text.UART_TxISR_8BIT
                0x080074cc       0xb8 cmake/stm32cubemx/CMakeFiles/STM32_Drivers.dir/__/__/Drivers/STM32G4xx_HAL_Driver/Src/stm32g4xx_hal_uart.c.obj
 .text.UART_TxISR_16BIT
                0x08007584       0xc2 cmake/stm32cubemx/CMakeFiles/STM32_Drivers.dir/__/__/Drivers/STM32G4xx_HAL_Driver/Src/stm32g4xx_hal_uart.c.obj
 .text.UART_TxISR_8BIT_FIFOEN
                0x08007646       0xe0 cmake/stm32cubemx/CMakeFiles/STM32_Drivers.dir/__/__/Drivers/STM32G4xx_HAL_Driver/Src/stm32g4xx_hal_uart.c.obj
 .text.UART_TxISR_16BIT_FIFOEN
                0x08007726       0xea cmake/stm32cubemx/CMakeFiles/STM32_Drivers.dir/__/__/Drivers/STM32G4xx_HAL_Driver/Src/stm32g4xx_hal_uart.c.obj
 .text.UART_EndTransmit_IT
                0x08007810       0x56 cmake/stm32cubemx/CMakeFiles/STM32_Drivers.dir/__/__/Drivers/STM32G4xx_HAL_Driver/Src/stm32g4xx_hal_uart.c.obj
 *fill*         0x08007866        0x2 
 .text.UART_RxISR_8BIT
                0x08007868      0x1b8 cmake/stm32cubemx/CMakeFiles/STM32_Drivers.dir/__/__/Drivers/STM32G4xx_HAL_Driver/Src/stm32g4xx_hal_uart.c.obj
 .text.UART_RxISR_16BIT
                0x08007a20      0x1b8 cmake/stm32cubemx/CMakeFiles/STM32_Drivers.dir/__/__/Drivers/STM32G4xx_HAL_Driver/Src/stm32g4xx_hal_uart.c.obj
 .text.UART_RxISR_8BIT_FIFOEN
                0x08007bd8      0x364 cmake/stm32cubemx/CMakeFiles/STM32_Drivers.dir/__/__/Drivers/STM32G4xx_HAL_Driver/Src/stm32g4xx_hal_uart.c.obj
 .text.UART_RxISR_16BIT_FIFOEN
                0x08007f3c      0x36c cmake/stm32cubemx/CMakeFiles/STM32_Drivers.dir/__/__/Drivers/STM32G4xx_HAL_Driver/Src/stm32g4xx_hal_uart.c.obj
 .text.HAL_UARTEx_WakeupCallback
                0x080082a8       0x14 cmake/stm32cubemx/CMakeFiles/STM32_Drivers.dir/__/__/Drivers/STM32G4xx_HAL_Driver/Src/stm32g4xx_hal_uart_ex.c.obj
                0x080082a8                HAL_UARTEx_WakeupCallback
 .text.HAL_UARTEx_RxFifoFullCallback
                0x080082bc       0x14 cmake/stm32cubemx/CMakeFiles/STM32_Drivers.dir/__/__/Drivers/STM32G4xx_HAL_Driver/Src/stm32g4xx_hal_uart_ex.c.obj
                0x080082bc                HAL_UARTEx_RxFifoFullCallback
 .text.HAL_UARTEx_TxFifoEmptyCallback
                0x080082d0       0x14 cmake/stm32cubemx/CMakeFiles/STM32_Drivers.dir/__/__/Drivers/STM32G4xx_HAL_Driver/Src/stm32g4xx_hal_uart_ex.c.obj
                0x080082d0                HAL_UARTEx_TxFifoEmptyCallback
 .text.HAL_UARTEx_DisableFifoMode
                0x080082e4       0x72 cmake/stm32cubemx/CMakeFiles/STM32_Drivers.dir/__/__/Drivers/STM32G4xx_HAL_Driver/Src/stm32g4xx_hal_uart_ex.c.obj
                0x080082e4                HAL_UARTEx_DisableFifoMode
 .text.HAL_UARTEx_SetTxFifoThreshold
                0x08008356       0x7c cmake/stm32cubemx/CMakeFiles/STM32_Drivers.dir/__/__/Drivers/STM32G4xx_HAL_Driver/Src/stm32g4xx_hal_uart_ex.c.obj
                0x08008356                HAL_UARTEx_SetTxFifoThreshold
 .text.HAL_UARTEx_SetRxFifoThreshold
                0x080083d2       0x7c cmake/stm32cubemx/CMakeFiles/STM32_Drivers.dir/__/__/Drivers/STM32G4xx_HAL_Driver/Src/stm32g4xx_hal_uart_ex.c.obj
                0x080083d2                HAL_UARTEx_SetRxFifoThreshold
 *fill*         0x0800844e        0x2 
 .text.UARTEx_SetNbDataToProcess
                0x08008450       0x9c cmake/stm32cubemx/CMakeFiles/STM32_Drivers.dir/__/__/Drivers/STM32G4xx_HAL_Driver/Src/stm32g4xx_hal_uart_ex.c.obj
 .text.main     0x080084ec       0x48 CMakeFiles/Acid_Motor.dir/Core/Src/main.c.obj
                0x080084ec                main
 .text.SystemClock_Config
                0x08008534       0x96 CMakeFiles/Acid_Motor.dir/Core/Src/main.c.obj
                0x08008534                SystemClock_Config
 *fill*         0x080085ca        0x2 
 .text.App_InitMotorControl
                0x080085cc      0x134 CMakeFiles/Acid_Motor.dir/Core/Src/main.c.obj
 .text.App_ProcessSlowLoop
                0x08008700       0xe8 CMakeFiles/Acid_Motor.dir/Core/Src/main.c.obj
 .text.HAL_UART_RxCpltCallback
                0x080087e8       0x16 CMakeFiles/Acid_Motor.dir/Core/Src/main.c.obj
                0x080087e8                HAL_UART_RxCpltCallback
 .text.HAL_ADCEx_InjectedConvCpltCallback
                0x080087fe       0x20 CMakeFiles/Acid_Motor.dir/Core/Src/main.c.obj
                0x080087fe                HAL_ADCEx_InjectedConvCpltCallback
 .text.Error_Handler
                0x0800881e        0xc CMakeFiles/Acid_Motor.dir/Core/Src/main.c.obj
                0x0800881e                Error_Handler
 *fill*         0x0800882a        0x2 
 .text.MX_GPIO_Init
                0x0800882c       0xbc CMakeFiles/Acid_Motor.dir/Core/Src/gpio.c.obj
                0x0800882c                MX_GPIO_Init
 .text.MX_ADC1_Init
                0x080088e8      0x158 CMakeFiles/Acid_Motor.dir/Core/Src/adc.c.obj
                0x080088e8                MX_ADC1_Init
 .text.MX_ADC2_Init
                0x08008a40      0x134 CMakeFiles/Acid_Motor.dir/Core/Src/adc.c.obj
                0x08008a40                MX_ADC2_Init
 .text.HAL_ADC_MspInit
                0x08008b74      0x15c CMakeFiles/Acid_Motor.dir/Core/Src/adc.c.obj
                0x08008b74                HAL_ADC_MspInit
 .text.MX_OPAMP1_Init
                0x08008cd0       0x50 CMakeFiles/Acid_Motor.dir/Core/Src/opamp.c.obj
                0x08008cd0                MX_OPAMP1_Init
 .text.MX_OPAMP2_Init
                0x08008d20       0x50 CMakeFiles/Acid_Motor.dir/Core/Src/opamp.c.obj
                0x08008d20                MX_OPAMP2_Init
 .text.HAL_OPAMP_MspInit
                0x08008d70       0xa8 CMakeFiles/Acid_Motor.dir/Core/Src/opamp.c.obj
                0x08008d70                HAL_OPAMP_MspInit
 .text.MX_SPI1_Init
                0x08008e18       0x7c CMakeFiles/Acid_Motor.dir/Core/Src/spi.c.obj
                0x08008e18                MX_SPI1_Init
 .text.HAL_SPI_MspInit
                0x08008e94       0x88 CMakeFiles/Acid_Motor.dir/Core/Src/spi.c.obj
                0x08008e94                HAL_SPI_MspInit
 .text.MX_TIM1_Init
                0x08008f1c      0x15c CMakeFiles/Acid_Motor.dir/Core/Src/tim.c.obj
                0x08008f1c                MX_TIM1_Init
 .text.HAL_TIM_PWM_MspInit
                0x08009078       0x40 CMakeFiles/Acid_Motor.dir/Core/Src/tim.c.obj
                0x08009078                HAL_TIM_PWM_MspInit
 .text.HAL_TIM_MspPostInit
                0x080090b8       0xe8 CMakeFiles/Acid_Motor.dir/Core/Src/tim.c.obj
                0x080090b8                HAL_TIM_MspPostInit
 .text.MX_USART1_UART_Init
                0x080091a0       0x98 CMakeFiles/Acid_Motor.dir/Core/Src/usart.c.obj
                0x080091a0                MX_USART1_UART_Init
 .text.MX_USART3_UART_Init
                0x08009238       0x98 CMakeFiles/Acid_Motor.dir/Core/Src/usart.c.obj
                0x08009238                MX_USART3_UART_Init
 .text.HAL_UART_MspInit
                0x080092d0      0x150 CMakeFiles/Acid_Motor.dir/Core/Src/usart.c.obj
                0x080092d0                HAL_UART_MspInit
 .text.NMI_Handler
                0x08009420        0x8 CMakeFiles/Acid_Motor.dir/Core/Src/stm32g4xx_it.c.obj
                0x08009420                NMI_Handler
 .text.HardFault_Handler
                0x08009428        0x8 CMakeFiles/Acid_Motor.dir/Core/Src/stm32g4xx_it.c.obj
                0x08009428                HardFault_Handler
 .text.MemManage_Handler
                0x08009430        0x8 CMakeFiles/Acid_Motor.dir/Core/Src/stm32g4xx_it.c.obj
                0x08009430                MemManage_Handler
 .text.BusFault_Handler
                0x08009438        0x8 CMakeFiles/Acid_Motor.dir/Core/Src/stm32g4xx_it.c.obj
                0x08009438                BusFault_Handler
 .text.UsageFault_Handler
                0x08009440        0x8 CMakeFiles/Acid_Motor.dir/Core/Src/stm32g4xx_it.c.obj
                0x08009440                UsageFault_Handler
 .text.SVC_Handler
                0x08009448        0xe CMakeFiles/Acid_Motor.dir/Core/Src/stm32g4xx_it.c.obj
                0x08009448                SVC_Handler
 .text.DebugMon_Handler
                0x08009456        0xe CMakeFiles/Acid_Motor.dir/Core/Src/stm32g4xx_it.c.obj
                0x08009456                DebugMon_Handler
 .text.PendSV_Handler
                0x08009464        0xe CMakeFiles/Acid_Motor.dir/Core/Src/stm32g4xx_it.c.obj
                0x08009464                PendSV_Handler
 .text.SysTick_Handler
                0x08009472        0xc CMakeFiles/Acid_Motor.dir/Core/Src/stm32g4xx_it.c.obj
                0x08009472                SysTick_Handler
 *fill*         0x0800947e        0x2 
 .text.ADC1_2_IRQHandler
                0x08009480       0x1c CMakeFiles/Acid_Motor.dir/Core/Src/stm32g4xx_it.c.obj
                0x08009480                ADC1_2_IRQHandler
 .text.USART1_IRQHandler
                0x0800949c       0x14 CMakeFiles/Acid_Motor.dir/Core/Src/stm32g4xx_it.c.obj
                0x0800949c                USART1_IRQHandler
 .text.USART3_IRQHandler
                0x080094b0       0x14 CMakeFiles/Acid_Motor.dir/Core/Src/stm32g4xx_it.c.obj
                0x080094b0                USART3_IRQHandler
 .text.HAL_MspInit
                0x080094c4       0x48 CMakeFiles/Acid_Motor.dir/Core/Src/stm32g4xx_hal_msp.c.obj
                0x080094c4                HAL_MspInit
 .text._sbrk    0x0800950c       0x6c CMakeFiles/Acid_Motor.dir/Core/Src/sysmem.c.obj
                0x0800950c                _sbrk
 .text.Reset_Handler
                0x08009578       0x50 CMakeFiles/Acid_Motor.dir/startup_stm32g431xx.s.obj
                0x08009578                Reset_Handler
 .text.Default_Handler
                0x080095c8        0x2 CMakeFiles/Acid_Motor.dir/startup_stm32g431xx.s.obj
                0x080095c8                RTC_Alarm_IRQHandler
                0x080095c8                EXTI2_IRQHandler
                0x080095c8                TIM8_TRG_COM_IRQHandler
                0x080095c8                TIM8_CC_IRQHandler
                0x080095c8                TIM1_CC_IRQHandler
                0x080095c8                USB_HP_IRQHandler
                0x080095c8                CORDIC_IRQHandler
                0x080095c8                EXTI3_IRQHandler
                0x080095c8                I2C3_ER_IRQHandler
                0x080095c8                EXTI0_IRQHandler
                0x080095c8                I2C2_EV_IRQHandler
                0x080095c8                FPU_IRQHandler
                0x080095c8                FDCAN1_IT1_IRQHandler
                0x080095c8                TIM1_UP_TIM16_IRQHandler
                0x080095c8                SPI1_IRQHandler
                0x080095c8                TIM6_DAC_IRQHandler
                0x080095c8                TIM8_UP_IRQHandler
                0x080095c8                DMA2_Channel2_IRQHandler
                0x080095c8                DMA1_Channel4_IRQHandler
                0x080095c8                TIM4_IRQHandler
                0x080095c8                DMA2_Channel1_IRQHandler
                0x080095c8                I2C1_EV_IRQHandler
                0x080095c8                DMA1_Channel6_IRQHandler
                0x080095c8                UART4_IRQHandler
                0x080095c8                DMA2_Channel4_IRQHandler
                0x080095c8                TIM3_IRQHandler
                0x080095c8                RCC_IRQHandler
                0x080095c8                DMA1_Channel1_IRQHandler
                0x080095c8                Default_Handler
                0x080095c8                RTC_TAMP_LSECSS_IRQHandler
                0x080095c8                FMAC_IRQHandler
                0x080095c8                EXTI15_10_IRQHandler
                0x080095c8                TIM7_IRQHandler
                0x080095c8                UCPD1_IRQHandler
                0x080095c8                I2C3_EV_IRQHandler
                0x080095c8                EXTI9_5_IRQHandler
                0x080095c8                RTC_WKUP_IRQHandler
                0x080095c8                PVD_PVM_IRQHandler
                0x080095c8                SPI2_IRQHandler
                0x080095c8                DMA2_Channel5_IRQHandler
                0x080095c8                CRS_IRQHandler
                0x080095c8                DMA1_Channel5_IRQHandler
                0x080095c8                USB_LP_IRQHandler
                0x080095c8                EXTI4_IRQHandler
                0x080095c8                RNG_IRQHandler
                0x080095c8                TIM1_TRG_COM_TIM17_IRQHandler
                0x080095c8                DMA1_Channel3_IRQHandler
                0x080095c8                WWDG_IRQHandler
                0x080095c8                LPUART1_IRQHandler
                0x080095c8                DMA2_Channel6_IRQHandler
                0x080095c8                FDCAN1_IT0_IRQHandler
                0x080095c8                TIM2_IRQHandler
                0x080095c8                COMP1_2_3_IRQHandler
                0x080095c8                EXTI1_IRQHandler
                0x080095c8                USART2_IRQHandler
                0x080095c8                I2C2_ER_IRQHandler
                0x080095c8                DMA1_Channel2_IRQHandler
                0x080095c8                TIM8_BRK_IRQHandler
                0x080095c8                FLASH_IRQHandler
                0x080095c8                SPI3_IRQHandler
                0x080095c8                I2C1_ER_IRQHandler
                0x080095c8                LPTIM1_IRQHandler
                0x080095c8                DMAMUX_OVR_IRQHandler
                0x080095c8                USBWakeUp_IRQHandler
                0x080095c8                SAI1_IRQHandler
                0x080095c8                DMA2_Channel3_IRQHandler
                0x080095c8                COMP4_IRQHandler
                0x080095c8                TIM1_BRK_TIM15_IRQHandler
 *fill*         0x080095ca        0x2 
 .text.FOC_Init
                0x080095cc       0xf0 CMakeFiles/Acid_Motor.dir/Core/Src/bldc_foc.c.obj
                0x080095cc                FOC_Init
 .text.FOC_CurrentLoopCallback
                0x080096bc       0x6c CMakeFiles/Acid_Motor.dir/Core/Src/bldc_foc.c.obj
                0x080096bc                FOC_CurrentLoopCallback
 .text.FOC_SetReferences
                0x08009728      0x184 CMakeFiles/Acid_Motor.dir/Core/Src/bldc_foc.c.obj
                0x08009728                FOC_SetReferences
 .text.FOC_SetEnable
                0x080098ac       0x68 CMakeFiles/Acid_Motor.dir/Core/Src/bldc_foc.c.obj
                0x080098ac                FOC_SetEnable
 .text.FOC_ReadADCValues
                0x08009914       0x34 CMakeFiles/Acid_Motor.dir/Core/Src/bldc_foc.c.obj
 .text.FOC_ApplyOffsetCompensation
                0x08009948       0x40 CMakeFiles/Acid_Motor.dir/Core/Src/bldc_foc.c.obj
 .text.FOC_ConvertADCToCurrents
                0x08009988       0x68 CMakeFiles/Acid_Motor.dir/Core/Src/bldc_foc.c.obj
 .text.FOC_ExecuteClarkeTransform
                0x080099f0       0x54 CMakeFiles/Acid_Motor.dir/Core/Src/bldc_foc.c.obj
 .text.FOC_ExecuteParkTransform
                0x08009a44       0xc4 CMakeFiles/Acid_Motor.dir/Core/Src/bldc_foc.c.obj
 .text.FOC_ExecuteCurrentControl
                0x08009b08       0x60 CMakeFiles/Acid_Motor.dir/Core/Src/bldc_foc.c.obj
 .text.FOC_ExecuteInverseParkTransform
                0x08009b68       0x80 CMakeFiles/Acid_Motor.dir/Core/Src/bldc_foc.c.obj
 .text.FOC_ExecuteSVPWM
                0x08009be8      0x338 CMakeFiles/Acid_Motor.dir/Core/Src/bldc_foc.c.obj
 .text.FOC_LimitAndUpdatePWM
                0x08009f20       0xc0 CMakeFiles/Acid_Motor.dir/Core/Src/bldc_foc.c.obj
 .text.FOC_UpdatePIDController
                0x08009fe0      0x13c CMakeFiles/Acid_Motor.dir/Core/Src/bldc_foc.c.obj
 .text.FOC_ResetPIDState
                0x0800a11c       0x34 CMakeFiles/Acid_Motor.dir/Core/Src/bldc_foc.c.obj
 .text.FOC_CascadeLoopCallback
                0x0800a150      0x144 CMakeFiles/Acid_Motor.dir/Core/Src/bldc_foc.c.obj
                0x0800a150                FOC_CascadeLoopCallback
 .text.FOC_SetControlMode
                0x0800a294       0x4c CMakeFiles/Acid_Motor.dir/Core/Src/bldc_foc.c.obj
                0x0800a294                FOC_SetControlMode
 .text.FOC_UpdateFeedback
                0x0800a2e0       0x94 CMakeFiles/Acid_Motor.dir/Core/Src/bldc_foc.c.obj
                0x0800a2e0                FOC_UpdateFeedback
 .text.DebugUART_Init
                0x0800a374       0x30 CMakeFiles/Acid_Motor.dir/Core/Src/uart_debug.c.obj
                0x0800a374                DebugUART_Init
 .text.DebugUART_Printf
                0x0800a3a4       0x84 CMakeFiles/Acid_Motor.dir/Core/Src/uart_debug.c.obj
                0x0800a3a4                DebugUART_Printf
 .text.DebugUART_Process
                0x0800a428       0x78 CMakeFiles/Acid_Motor.dir/Core/Src/uart_debug.c.obj
                0x0800a428                DebugUART_Process
 .text.CircularBuffer_Init
                0x0800a4a0       0x30 CMakeFiles/Acid_Motor.dir/Core/Src/circular_buffer.c.obj
                0x0800a4a0                CircularBuffer_Init
 .text.CircularBuffer_Write
                0x0800a4d0       0xa2 CMakeFiles/Acid_Motor.dir/Core/Src/circular_buffer.c.obj
                0x0800a4d0                CircularBuffer_Write
 .text.CircularBuffer_Read
                0x0800a572       0xa2 CMakeFiles/Acid_Motor.dir/Core/Src/circular_buffer.c.obj
                0x0800a572                CircularBuffer_Read
 .text.CircularBuffer_Available
                0x0800a614       0x1e CMakeFiles/Acid_Motor.dir/Core/Src/circular_buffer.c.obj
                0x0800a614                CircularBuffer_Available
 .text.CircularBuffer_Free
                0x0800a632       0x1e CMakeFiles/Acid_Motor.dir/Core/Src/circular_buffer.c.obj
                0x0800a632                CircularBuffer_Free
 .text.MotorUart_Init
                0x0800a650       0x64 CMakeFiles/Acid_Motor.dir/Core/Src/motor_uart_control.c.obj
                0x0800a650                MotorUart_Init
 .text.MotorUart_RxCpltCallback
                0x0800a6b4       0x3c CMakeFiles/Acid_Motor.dir/Core/Src/motor_uart_control.c.obj
                0x0800a6b4                MotorUart_RxCpltCallback
 .text.MotorUart_RxByte
                0x0800a6f0      0x178 CMakeFiles/Acid_Motor.dir/Core/Src/motor_uart_control.c.obj
 .text.MotorUart_ProcessPacket
                0x0800a868      0x188 CMakeFiles/Acid_Motor.dir/Core/Src/motor_uart_control.c.obj
                0x0800a868                MotorUart_ProcessPacket
 .text.MotorUart_ProcessForward
                0x0800a9f0       0x5c CMakeFiles/Acid_Motor.dir/Core/Src/motor_uart_control.c.obj
                0x0800a9f0                MotorUart_ProcessForward
 .text.MotorUart_ResetState
                0x0800aa4c       0x20 CMakeFiles/Acid_Motor.dir/Core/Src/motor_uart_control.c.obj
 .text.MotorUart_VerifyChecksum
                0x0800aa6c       0x7e CMakeFiles/Acid_Motor.dir/Core/Src/motor_uart_control.c.obj
 *fill*         0x0800aaea        0x2 
 .text.MotorUart_DecodeIqRef
                0x0800aaec       0x30 CMakeFiles/Acid_Motor.dir/Core/Src/motor_uart_control.c.obj
 .text.MotorUart_DecodeAngle
                0x0800ab1c       0x30 CMakeFiles/Acid_Motor.dir/Core/Src/motor_uart_control.c.obj
 .text.MA600_Init
                0x0800ab4c       0x14 CMakeFiles/Acid_Motor.dir/Core/Src/ma600_encoder.c.obj
                0x0800ab4c                MA600_Init
 .text.MA600_ReadAngleRaw
                0x0800ab60       0x5c CMakeFiles/Acid_Motor.dir/Core/Src/ma600_encoder.c.obj
                0x0800ab60                MA600_ReadAngleRaw
 .text.MA600_ReadAngleRad
                0x0800abbc       0x3c CMakeFiles/Acid_Motor.dir/Core/Src/ma600_encoder.c.obj
                0x0800abbc                MA600_ReadAngleRad
 .text.atan2f   0x0800abf8        0x4 /home/acid/.local/share/stm32cube/bundles/gnu-tools-for-stm32/14.3.1+st.2/bin/../lib/gcc/arm-none-eabi/14.3.1/../../../../arm-none-eabi/lib/thumb/v7e-m+fp/hard/libm.a(libm_a-wf_atan2.o)
                0x0800abf8                atan2f
 .text.fmodf    0x0800abfc       0x48 /home/acid/.local/share/stm32cube/bundles/gnu-tools-for-stm32/14.3.1+st.2/bin/../lib/gcc/arm-none-eabi/14.3.1/../../../../arm-none-eabi/lib/thumb/v7e-m+fp/hard/libm.a(libm_a-wf_fmod.o)
                0x0800abfc                fmodf
 .text.sqrtf    0x0800ac44       0x44 /home/acid/.local/share/stm32cube/bundles/gnu-tools-for-stm32/14.3.1+st.2/bin/../lib/gcc/arm-none-eabi/14.3.1/../../../../arm-none-eabi/lib/thumb/v7e-m+fp/hard/libm.a(libm_a-wf_sqrt.o)
                0x0800ac44                sqrtf
 .text.cosf     0x0800ac88       0x70 /home/acid/.local/share/stm32cube/bundles/gnu-tools-for-stm32/14.3.1+st.2/bin/../lib/gcc/arm-none-eabi/14.3.1/../../../../arm-none-eabi/lib/thumb/v7e-m+fp/hard/libm.a(libm_a-sf_cos.o)
                0x0800ac88                cosf
 .text.sinf     0x0800acf8       0x74 /home/acid/.local/share/stm32cube/bundles/gnu-tools-for-stm32/14.3.1+st.2/bin/../lib/gcc/arm-none-eabi/14.3.1/../../../../arm-none-eabi/lib/thumb/v7e-m+fp/hard/libm.a(libm_a-sf_sin.o)
                0x0800acf8                sinf
 .text.__ieee754_sqrtf
                0x0800ad6c        0x8 /home/acid/.local/share/stm32cube/bundles/gnu-tools-for-stm32/14.3.1+st.2/bin/../lib/gcc/arm-none-eabi/14.3.1/../../../../arm-none-eabi/lib/thumb/v7e-m+fp/hard/libm.a(libm_a-ef_sqrt.o)
                0x0800ad6c                __ieee754_sqrtf
 .text.__kernel_cosf
                0x0800ad74      0x104 /home/acid/.local/share/stm32cube/bundles/gnu-tools-for-stm32/14.3.1+st.2/bin/../lib/gcc/arm-none-eabi/14.3.1/../../../../arm-none-eabi/lib/thumb/v7e-m+fp/hard/libm.a(libm_a-kf_cos.o)
                0x0800ad74                __kernel_cosf
 .text.__kernel_sinf
                0x0800ae78       0x90 /home/acid/.local/share/stm32cube/bundles/gnu-tools-for-stm32/14.3.1+st.2/bin/../lib/gcc/arm-none-eabi/14.3.1/../../../../arm-none-eabi/lib/thumb/v7e-m+fp/hard/libm.a(libm_a-kf_sin.o)
                0x0800ae78                __kernel_sinf
 .text.__ieee754_atan2f
                0x0800af08      0x14c /home/acid/.local/share/stm32cube/bundles/gnu-tools-for-stm32/14.3.1+st.2/bin/../lib/gcc/arm-none-eabi/14.3.1/../../../../arm-none-eabi/lib/thumb/v7e-m+fp/hard/libm.a(libm_a-ef_atan2.o)
                0x0800af08                __ieee754_atan2f
 .text.__ieee754_fmodf
                0x0800b054      0x184 /home/acid/.local/share/stm32cube/bundles/gnu-tools-for-stm32/14.3.1+st.2/bin/../lib/gcc/arm-none-eabi/14.3.1/../../../../arm-none-eabi/lib/thumb/v7e-m+fp/hard/libm.a(libm_a-ef_fmod.o)
                0x0800b054                __ieee754_fmodf
 .text.__ieee754_rem_pio2f
                0x0800b1d8      0x26c /home/acid/.local/share/stm32cube/bundles/gnu-tools-for-stm32/14.3.1+st.2/bin/../lib/gcc/arm-none-eabi/14.3.1/../../../../arm-none-eabi/lib/thumb/v7e-m+fp/hard/libm.a(libm_a-ef_rem_pio2.o)
                0x0800b1d8                __ieee754_rem_pio2f
 .text.atanf    0x0800b444      0x1a4 /home/acid/.local/share/stm32cube/bundles/gnu-tools-for-stm32/14.3.1+st.2/bin/../lib/gcc/arm-none-eabi/14.3.1/../../../../arm-none-eabi/lib/thumb/v7e-m+fp/hard/libm.a(libm_a-sf_atan.o)
                0x0800b444                atanf
 .text.fabsf    0x0800b5e8       0x10 /home/acid/.local/share/stm32cube/bundles/gnu-tools-for-stm32/14.3.1+st.2/bin/../lib/gcc/arm-none-eabi/14.3.1/../../../../arm-none-eabi/lib/thumb/v7e-m+fp/hard/libm.a(libm_a-sf_fabs.o)
                0x0800b5e8                fabsf
 .text.__kernel_rem_pio2f
                0x0800b5f8      0x68c /home/acid/.local/share/stm32cube/bundles/gnu-tools-for-stm32/14.3.1+st.2/bin/../lib/gcc/arm-none-eabi/14.3.1/../../../../arm-none-eabi/lib/thumb/v7e-m+fp/hard/libm.a(libm_a-kf_rem_pio2.o)
                0x0800b5f8                __kernel_rem_pio2f
 .text.scalbnf  0x0800bc84       0xdc /home/acid/.local/share/stm32cube/bundles/gnu-tools-for-stm32/14.3.1+st.2/bin/../lib/gcc/arm-none-eabi/14.3.1/../../../../arm-none-eabi/lib/thumb/v7e-m+fp/hard/libm.a(libm_a-sf_scalbn.o)
                0x0800bc84                scalbnf
 .text.floorf   0x0800bd60       0x94 /home/acid/.local/share/stm32cube/bundles/gnu-tools-for-stm32/14.3.1+st.2/bin/../lib/gcc/arm-none-eabi/14.3.1/../../../../arm-none-eabi/lib/thumb/v7e-m+fp/hard/libm.a(libm_a-sf_floor.o)
                0x0800bd60                floorf
 .text._vsnprintf_r
                0x0800bdf4       0x5c /home/acid/.local/share/stm32cube/bundles/gnu-tools-for-stm32/14.3.1+st.2/bin/../lib/gcc/arm-none-eabi/14.3.1/../../../../arm-none-eabi/lib/thumb/v7e-m+fp/hard/libg_nano.a(libc_a-vsnprintf.o)
                0x0800bdf4                _vsnprintf_r
                0x0800bdf4                _vsniprintf_r
 .text.vsnprintf
                0x0800be50       0x1c /home/acid/.local/share/stm32cube/bundles/gnu-tools-for-stm32/14.3.1+st.2/bin/../lib/gcc/arm-none-eabi/14.3.1/../../../../arm-none-eabi/lib/thumb/v7e-m+fp/hard/libg_nano.a(libc_a-vsnprintf.o)
                0x0800be50                vsnprintf
                0x0800be50                vsniprintf
 .text.memset   0x0800be6c       0x10 /home/acid/.local/share/stm32cube/bundles/gnu-tools-for-stm32/14.3.1+st.2/bin/../lib/gcc/arm-none-eabi/14.3.1/../../../../arm-none-eabi/lib/thumb/v7e-m+fp/hard/libg_nano.a(libc_a-memset.o)
                0x0800be6c                memset
 .text.__errno  0x0800be7c        0xc /home/acid/.local/share/stm32cube/bundles/gnu-tools-for-stm32/14.3.1+st.2/bin/../lib/gcc/arm-none-eabi/14.3.1/../../../../arm-none-eabi/lib/thumb/v7e-m+fp/hard/libg_nano.a(libc_a-errno.o)
                0x0800be7c                __errno
 .text.__libc_init_array
                0x0800be88       0x48 /home/acid/.local/share/stm32cube/bundles/gnu-tools-for-stm32/14.3.1+st.2/bin/../lib/gcc/arm-none-eabi/14.3.1/../../../../arm-none-eabi/lib/thumb/v7e-m+fp/hard/libg_nano.a(libc_a-init.o)
                0x0800be88                __libc_init_array
 .text.__retarget_lock_acquire_recursive
                0x0800bed0        0x2 /home/acid/.local/share/stm32cube/bundles/gnu-tools-for-stm32/14.3.1+st.2/bin/../lib/gcc/arm-none-eabi/14.3.1/../../../../arm-none-eabi/lib/thumb/v7e-m+fp/hard/libg_nano.a(libc_a-lock.o)
                0x0800bed0                __retarget_lock_acquire_recursive
 .text.__retarget_lock_release_recursive
                0x0800bed2        0x2 /home/acid/.local/share/stm32cube/bundles/gnu-tools-for-stm32/14.3.1+st.2/bin/../lib/gcc/arm-none-eabi/14.3.1/../../../../arm-none-eabi/lib/thumb/v7e-m+fp/hard/libg_nano.a(libc_a-lock.o)
                0x0800bed2                __retarget_lock_release_recursive
 .text.memcpy   0x0800bed4       0x1c /home/acid/.local/share/stm32cube/bundles/gnu-tools-for-stm32/14.3.1+st.2/bin/../lib/gcc/arm-none-eabi/14.3.1/../../../../arm-none-eabi/lib/thumb/v7e-m+fp/hard/libg_nano.a(libc_a-memcpy-stub.o)
                0x0800bed4                memcpy
 .text._free_r  0x0800bef0       0x94 /home/acid/.local/share/stm32cube/bundles/gnu-tools-for-stm32/14.3.1+st.2/bin/../lib/gcc/arm-none-eabi/14.3.1/../../../../arm-none-eabi/lib/thumb/v7e-m+fp/hard/libg_nano.a(libc_a-freer.o)
                0x0800bef0                _free_r
 .text.sbrk_aligned
                0x0800bf84       0x44 /home/acid/.local/share/stm32cube/bundles/gnu-tools-for-stm32/14.3.1+st.2/bin/../lib/gcc/arm-none-eabi/14.3.1/../../../../arm-none-eabi/lib/thumb/v7e-m+fp/hard/libg_nano.a(libc_a-mallocr.o)
 .text._malloc_r
                0x0800bfc8      0x100 /home/acid/.local/share/stm32cube/bundles/gnu-tools-for-stm32/14.3.1+st.2/bin/../lib/gcc/arm-none-eabi/14.3.1/../../../../arm-none-eabi/lib/thumb/v7e-m+fp/hard/libg_nano.a(libc_a-mallocr.o)
                0x0800bfc8                _malloc_r
 .text.__malloc_lock
                0x0800c0c8        0xc /home/acid/.local/share/stm32cube/bundles/gnu-tools-for-stm32/14.3.1+st.2/bin/../lib/gcc/arm-none-eabi/14.3.1/../../../../arm-none-eabi/lib/thumb/v7e-m+fp/hard/libg_nano.a(libc_a-mlock.o)
                0x0800c0c8                __malloc_lock
 .text.__malloc_unlock
                0x0800c0d4        0xc /home/acid/.local/share/stm32cube/bundles/gnu-tools-for-stm32/14.3.1+st.2/bin/../lib/gcc/arm-none-eabi/14.3.1/../../../../arm-none-eabi/lib/thumb/v7e-m+fp/hard/libg_nano.a(libc_a-mlock.o)
                0x0800c0d4                __malloc_unlock
 .text.__ssputs_r
                0x0800c0e0       0xc0 /home/acid/.local/share/stm32cube/bundles/gnu-tools-for-stm32/14.3.1+st.2/bin/../lib/gcc/arm-none-eabi/14.3.1/../../../../arm-none-eabi/lib/thumb/v7e-m+fp/hard/libg_nano.a(libc_a-nano-svfprintf.o)
                0x0800c0e0                __ssputs_r
 .text._svfprintf_r
                0x0800c1a0      0x1f0 /home/acid/.local/share/stm32cube/bundles/gnu-tools-for-stm32/14.3.1+st.2/bin/../lib/gcc/arm-none-eabi/14.3.1/../../../../arm-none-eabi/lib/thumb/v7e-m+fp/hard/libg_nano.a(libc_a-nano-svfprintf.o)
                0x0800c1a0                _svfprintf_r
                0x0800c1a0                _svfiprintf_r
 .text._printf_common
                0x0800c390       0xda /home/acid/.local/share/stm32cube/bundles/gnu-tools-for-stm32/14.3.1+st.2/bin/../lib/gcc/arm-none-eabi/14.3.1/../../../../arm-none-eabi/lib/thumb/v7e-m+fp/hard/libg_nano.a(libc_a-nano-vfprintf_i.o)
                0x0800c390                _printf_common
 *fill*         0x0800c46a        0x2 
 .text._printf_i
                0x0800c46c      0x24c /home/acid/.local/share/stm32cube/bundles/gnu-tools-for-stm32/14.3.1+st.2/bin/../lib/gcc/arm-none-eabi/14.3.1/../../../../arm-none-eabi/lib/thumb/v7e-m+fp/hard/libg_nano.a(libc_a-nano-vfprintf_i.o)
                0x0800c46c                _printf_i
 .text.memmove  0x0800c6b8       0x32 /home/acid/.local/share/stm32cube/bundles/gnu-tools-for-stm32/14.3.1+st.2/bin/../lib/gcc/arm-none-eabi/14.3.1/../../../../arm-none-eabi/lib/thumb/v7e-m+fp/hard/libg_nano.a(libc_a-memmove.o)
                0x0800c6b8                memmove
 *fill*         0x0800c6ea        0x2 
 .text._sbrk_r  0x0800c6ec       0x20 /home/acid/.local/share/stm32cube/bundles/gnu-tools-for-stm32/14.3.1+st.2/bin/../lib/gcc/arm-none-eabi/14.3.1/../../../../arm-none-eabi/lib/thumb/v7e-m+fp/hard/libg_nano.a(libc_a-sbrkr.o)
                0x0800c6ec                _sbrk_r
 .text._realloc_r
                0x0800c70c       0x5c /home/acid/.local/share/stm32cube/bundles/gnu-tools-for-stm32/14.3.1+st.2/bin/../lib/gcc/arm-none-eabi/14.3.1/../../../../arm-none-eabi/lib/thumb/v7e-m+fp/hard/libg_nano.a(libc_a-reallocr.o)
                0x0800c70c                _realloc_r
 .text._malloc_usable_size_r
                0x0800c768       0x10 /home/acid/.local/share/stm32cube/bundles/gnu-tools-for-stm32/14.3.1+st.2/bin/../lib/gcc/arm-none-eabi/14.3.1/../../../../arm-none-eabi/lib/thumb/v7e-m+fp/hard/libg_nano.a(libc_a-msizer.o)
                0x0800c768                _malloc_usable_size_r
 *(.glue_7)
 .glue_7        0x0800c778        0x0 linker stubs
 *(.glue_7t)
 .glue_7t       0x0800c778        0x0 linker stubs
 *(.eh_frame)
 .eh_frame      0x0800c778        0x0 /home/acid/.local/share/stm32cube/bundles/gnu-tools-for-stm32/14.3.1+st.2/bin/../lib/gcc/arm-none-eabi/14.3.1/thumb/v7e-m+fp/hard/crtbegin.o
 *(.init)
 .init          0x0800c778        0x4 /home/acid/.local/share/stm32cube/bundles/gnu-tools-for-stm32/14.3.1+st.2/bin/../lib/gcc/arm-none-eabi/14.3.1/thumb/v7e-m+fp/hard/crti.o
                0x0800c778                _init
 .init          0x0800c77c        0x8 /home/acid/.local/share/stm32cube/bundles/gnu-tools-for-stm32/14.3.1+st.2/bin/../lib/gcc/arm-none-eabi/14.3.1/thumb/v7e-m+fp/hard/crtn.o
 *(.fini)
 .fini          0x0800c784        0x4 /home/acid/.local/share/stm32cube/bundles/gnu-tools-for-stm32/14.3.1+st.2/bin/../lib/gcc/arm-none-eabi/14.3.1/thumb/v7e-m+fp/hard/crti.o
                0x0800c784                _fini
 .fini          0x0800c788        0x8 /home/acid/.local/share/stm32cube/bundles/gnu-tools-for-stm32/14.3.1+st.2/bin/../lib/gcc/arm-none-eabi/14.3.1/thumb/v7e-m+fp/hard/crtn.o
                0x0800c790                        . = ALIGN (0x4)
                0x0800c790                        _etext = .

.vfp11_veneer   0x0800c790        0x0
 .vfp11_veneer  0x0800c790        0x0 linker stubs

.v4_bx          0x0800c790        0x0
 .v4_bx         0x0800c790        0x0 linker stubs

.iplt           0x0800c790        0x0
 .iplt          0x0800c790        0x0 /home/acid/.local/share/stm32cube/bundles/gnu-tools-for-stm32/14.3.1+st.2/bin/../lib/gcc/arm-none-eabi/14.3.1/thumb/v7e-m+fp/hard/crtbegin.o

.rodata         0x0800c790      0x4a0
                0x0800c790                        . = ALIGN (0x4)
 *(.rodata)
 .rodata        0x0800c790       0x1a CMakeFiles/Acid_Motor.dir/Core/Src/main.c.obj
 *(.rodata*)
 *fill*         0x0800c7aa        0x2 
 .rodata.AHBPrescTable
                0x0800c7ac       0x10 cmake/stm32cubemx/CMakeFiles/STM32_Drivers.dir/__/__/Core/Src/system_stm32g4xx.c.obj
                0x0800c7ac                AHBPrescTable
 .rodata.APBPrescTable
                0x0800c7bc        0x8 cmake/stm32cubemx/CMakeFiles/STM32_Drivers.dir/__/__/Core/Src/system_stm32g4xx.c.obj
                0x0800c7bc                APBPrescTable
 .rodata.UARTPrescTable
                0x0800c7c4       0x18 cmake/stm32cubemx/CMakeFiles/STM32_Drivers.dir/__/__/Drivers/STM32G4xx_HAL_Driver/Src/stm32g4xx_hal_uart.c.obj
                0x0800c7c4                UARTPrescTable
 .rodata.numerator.1
                0x0800c7dc        0x8 cmake/stm32cubemx/CMakeFiles/STM32_Drivers.dir/__/__/Drivers/STM32G4xx_HAL_Driver/Src/stm32g4xx_hal_uart_ex.c.obj
 .rodata.denominator.0
                0x0800c7e4        0x8 cmake/stm32cubemx/CMakeFiles/STM32_Drivers.dir/__/__/Drivers/STM32G4xx_HAL_Driver/Src/stm32g4xx_hal_uart_ex.c.obj
 .rodata.CSWTCH.9
                0x0800c7ec        0xc /home/acid/.local/share/stm32cube/bundles/gnu-tools-for-stm32/14.3.1+st.2/bin/../lib/gcc/arm-none-eabi/14.3.1/../../../../arm-none-eabi/lib/thumb/v7e-m+fp/hard/libm.a(libm_a-ef_atan2.o)
 .rodata.CSWTCH.8
                0x0800c7f8        0xc /home/acid/.local/share/stm32cube/bundles/gnu-tools-for-stm32/14.3.1+st.2/bin/../lib/gcc/arm-none-eabi/14.3.1/../../../../arm-none-eabi/lib/thumb/v7e-m+fp/hard/libm.a(libm_a-ef_atan2.o)
 .rodata.Zero   0x0800c804        0x8 /home/acid/.local/share/stm32cube/bundles/gnu-tools-for-stm32/14.3.1+st.2/bin/../lib/gcc/arm-none-eabi/14.3.1/../../../../arm-none-eabi/lib/thumb/v7e-m+fp/hard/libm.a(libm_a-ef_fmod.o)
 .rodata.npio2_hw
                0x0800c80c       0x80 /home/acid/.local/share/stm32cube/bundles/gnu-tools-for-stm32/14.3.1+st.2/bin/../lib/gcc/arm-none-eabi/14.3.1/../../../../arm-none-eabi/lib/thumb/v7e-m+fp/hard/libm.a(libm_a-ef_rem_pio2.o)
 .rodata.two_over_pi
                0x0800c88c      0x318 /home/acid/.local/share/stm32cube/bundles/gnu-tools-for-stm32/14.3.1+st.2/bin/../lib/gcc/arm-none-eabi/14.3.1/../../../../arm-none-eabi/lib/thumb/v7e-m+fp/hard/libm.a(libm_a-ef_rem_pio2.o)
 .rodata.atanlo
                0x0800cba4       0x10 /home/acid/.local/share/stm32cube/bundles/gnu-tools-for-stm32/14.3.1+st.2/bin/../lib/gcc/arm-none-eabi/14.3.1/../../../../arm-none-eabi/lib/thumb/v7e-m+fp/hard/libm.a(libm_a-sf_atan.o)
 .rodata.atanhi
                0x0800cbb4       0x10 /home/acid/.local/share/stm32cube/bundles/gnu-tools-for-stm32/14.3.1+st.2/bin/../lib/gcc/arm-none-eabi/14.3.1/../../../../arm-none-eabi/lib/thumb/v7e-m+fp/hard/libm.a(libm_a-sf_atan.o)
 .rodata.PIo2   0x0800cbc4       0x2c /home/acid/.local/share/stm32cube/bundles/gnu-tools-for-stm32/14.3.1+st.2/bin/../lib/gcc/arm-none-eabi/14.3.1/../../../../arm-none-eabi/lib/thumb/v7e-m+fp/hard/libm.a(libm_a-kf_rem_pio2.o)
 .rodata.init_jk
                0x0800cbf0        0xc /home/acid/.local/share/stm32cube/bundles/gnu-tools-for-stm32/14.3.1+st.2/bin/../lib/gcc/arm-none-eabi/14.3.1/../../../../arm-none-eabi/lib/thumb/v7e-m+fp/hard/libm.a(libm_a-kf_rem_pio2.o)
 .rodata._svfprintf_r.str1.1
                0x0800cbfc       0x33 /home/acid/.local/share/stm32cube/bundles/gnu-tools-for-stm32/14.3.1+st.2/bin/../lib/gcc/arm-none-eabi/14.3.1/../../../../arm-none-eabi/lib/thumb/v7e-m+fp/hard/libg_nano.a(libc_a-nano-svfprintf.o)
                                 0x11 (size before relaxing)
 .rodata._printf_i.str1.1
                0x0800cc2f       0x22 /home/acid/.local/share/stm32cube/bundles/gnu-tools-for-stm32/14.3.1+st.2/bin/../lib/gcc/arm-none-eabi/14.3.1/../../../../arm-none-eabi/lib/thumb/v7e-m+fp/hard/libg_nano.a(libc_a-nano-vfprintf_i.o)
                0x0800cc54                        . = ALIGN (0x4)
 *fill*         0x0800cc2f        0x1 

.ARM.extab      0x0800cc30        0x0
                0x0800cc30                        . = ALIGN (0x4)
 *(.ARM.extab* .gnu.linkonce.armextab.*)
                0x0800cc30                        . = ALIGN (0x4)

.ARM            0x0800cc30        0x8
                0x0800cc30                        . = ALIGN (0x4)
                0x0800cc30                        __exidx_start = .
 *(.ARM.exidx*)
 .ARM.exidx     0x0800cc30        0x8 /home/acid/.local/share/stm32cube/bundles/gnu-tools-for-stm32/14.3.1+st.2/bin/../lib/gcc/arm-none-eabi/14.3.1/thumb/v7e-m+fp/hard/libgcc.a(_udivmoddi4.o)
 .ARM.exidx     0x0800cc38        0x0 /home/acid/.local/share/stm32cube/bundles/gnu-tools-for-stm32/14.3.1+st.2/bin/../lib/gcc/arm-none-eabi/14.3.1/../../../../arm-none-eabi/lib/thumb/v7e-m+fp/hard/libg_nano.a(libc_a-memchr.o)
                                  0x8 (size before relaxing)
                0x0800cc38                        __exidx_end = .
                0x0800cc38                        . = ALIGN (0x4)

.preinit_array  0x0800cc38        0x0
                0x0800cc38                        . = ALIGN (0x4)
                0x0800cc38                        PROVIDE (__preinit_array_start = .)
 *(.preinit_array*)
                0x0800cc38                        PROVIDE (__preinit_array_end = .)
                0x0800cc38                        . = ALIGN (0x4)

.init_array     0x0800cc38        0x4
                0x0800cc38                        . = ALIGN (0x4)
                0x0800cc38                        PROVIDE (__init_array_start = .)
 *(SORT_BY_NAME(.init_array.*))
 *(.init_array*)
 .init_array    0x0800cc38        0x4 /home/acid/.local/share/stm32cube/bundles/gnu-tools-for-stm32/14.3.1+st.2/bin/../lib/gcc/arm-none-eabi/14.3.1/thumb/v7e-m+fp/hard/crtbegin.o
                0x0800cc3c                        PROVIDE (__init_array_end = .)
                0x0800cc3c                        . = ALIGN (0x4)

.fini_array     0x0800cc3c        0x4
                0x0800cc3c                        . = ALIGN (0x4)
                [!provide]                        PROVIDE (__fini_array_start = .)
 *(SORT_BY_NAME(.fini_array.*))
 *(.fini_array*)
 .fini_array    0x0800cc3c        0x4 /home/acid/.local/share/stm32cube/bundles/gnu-tools-for-stm32/14.3.1+st.2/bin/../lib/gcc/arm-none-eabi/14.3.1/thumb/v7e-m+fp/hard/crtbegin.o
                [!provide]                        PROVIDE (__fini_array_end = .)
                0x0800cc40                        . = ALIGN (0x4)
                0x0800cc40                        _sidata = LOADADDR (.data)

.rel.dyn        0x0800cc40        0x0
 .rel.iplt      0x0800cc40        0x0 /home/acid/.local/share/stm32cube/bundles/gnu-tools-for-stm32/14.3.1+st.2/bin/../lib/gcc/arm-none-eabi/14.3.1/thumb/v7e-m+fp/hard/crtbegin.o

.data           0x20000000       0x60 load address 0x0800cc40
                0x20000000                        . = ALIGN (0x4)
                0x20000000                        _sdata = .
 *(.data)
 *(.data*)
 .data.SystemCoreClock
                0x20000000        0x4 cmake/stm32cubemx/CMakeFiles/STM32_Drivers.dir/__/__/Core/Src/system_stm32g4xx.c.obj
                0x20000000                SystemCoreClock
 .data.uwTickPrio
                0x20000004        0x4 cmake/stm32cubemx/CMakeFiles/STM32_Drivers.dir/__/__/Drivers/STM32G4xx_HAL_Driver/Src/stm32g4xx_hal.c.obj
                0x20000004                uwTickPrio
 .data.uwTickFreq
                0x20000008        0x4 cmake/stm32cubemx/CMakeFiles/STM32_Drivers.dir/__/__/Drivers/STM32G4xx_HAL_Driver/Src/stm32g4xx_hal.c.obj
                0x20000008                uwTickFreq
 .data.g_adc_offset_u
                0x2000000c        0x2 CMakeFiles/Acid_Motor.dir/Core/Src/bldc_foc.c.obj
 .data.g_adc_offset_v
                0x2000000e        0x2 CMakeFiles/Acid_Motor.dir/Core/Src/bldc_foc.c.obj
 .data._impure_ptr
                0x20000010        0x4 /home/acid/.local/share/stm32cube/bundles/gnu-tools-for-stm32/14.3.1+st.2/bin/../lib/gcc/arm-none-eabi/14.3.1/../../../../arm-none-eabi/lib/thumb/v7e-m+fp/hard/libg_nano.a(libc_a-impure.o)
                0x20000010                _impure_ptr
 .data._impure_data
                0x20000014       0x4c /home/acid/.local/share/stm32cube/bundles/gnu-tools-for-stm32/14.3.1+st.2/bin/../lib/gcc/arm-none-eabi/14.3.1/../../../../arm-none-eabi/lib/thumb/v7e-m+fp/hard/libg_nano.a(libc_a-impure.o)
                0x20000014                _impure_data
 *(.RamFunc)
 *(.RamFunc*)
                0x20000060                        . = ALIGN (0x4)

.igot.plt       0x20000060        0x0 load address 0x0800cca0
 .igot.plt      0x20000060        0x0 /home/acid/.local/share/stm32cube/bundles/gnu-tools-for-stm32/14.3.1+st.2/bin/../lib/gcc/arm-none-eabi/14.3.1/thumb/v7e-m+fp/hard/crtbegin.o

.tdata          0x20000060        0x0 load address 0x0800cca0
 *(.tdata .tdata.* .gnu.linkonce.td.*)
                0x20000060                        . = ALIGN (0x4)
                0x20000060                        _edata = .
                [!provide]                        PROVIDE (__data_end = .)
                [!provide]                        PROVIDE (__tdata_end = .)
                [!provide]                        PROVIDE (__tdata_start = ADDR (.tdata))
                [!provide]                        PROVIDE (__tdata_size = (__tdata_end - __tdata_start))
                [!provide]                        PROVIDE (__data_start = ADDR (.data))
                [!provide]                        PROVIDE (__data_size = (__data_end - __data_start))
                [!provide]                        PROVIDE (__tdata_source = LOADADDR (.tdata))
                [!provide]                        PROVIDE (__tdata_source_end = (LOADADDR (.tdata) + SIZEOF (.tdata)))
                [!provide]                        PROVIDE (__tdata_source_size = (__tdata_source_end - __tdata_source))
                [!provide]                        PROVIDE (__data_source = LOADADDR (.data))
                [!provide]                        PROVIDE (__data_source_end = __tdata_source_end)
                [!provide]                        PROVIDE (__data_source_size = (__data_source_end - __data_source))

.tbss           0x20000060        0x0 load address 0x0800cca0
                0x20000060                        _sbss = .
                0x20000060                        __bss_start__ = _sbss
 *(.tbss .tbss.*)
                0x20000060                        . = ALIGN (0x4)
                [!provide]                        PROVIDE (__tbss_end = .)
                [!provide]                        PROVIDE (__tbss_start = ADDR (.tbss))
                [!provide]                        PROVIDE (__tbss_size = (__tbss_end - __tbss_start))
                [!provide]                        PROVIDE (__tbss_offset = (ADDR (.tbss) - ADDR (.tdata)))
                [!provide]                        PROVIDE (__tls_base = __tdata_start)
                [!provide]                        PROVIDE (__tls_end = __tbss_end)
                [!provide]                        PROVIDE (__tls_size = (__tls_end - __tls_base))
                [!provide]                        PROVIDE (__tls_align = MAX (ALIGNOF (.tdata), ALIGNOF (.tbss)))
                [!provide]                        PROVIDE (__tls_size_align = (((__tls_size + __tls_align) - 0x1) & ~ ((__tls_align - 0x1))))
                [!provide]                        PROVIDE (__arm32_tls_tcb_offset = MAX (0x8, __tls_align))
                [!provide]                        PROVIDE (__arm64_tls_tcb_offset = MAX (0x10, __tls_align))

.bss            0x20000060      0xfe8 load address 0x0800cca0
 *(.bss)
 .bss           0x20000060       0x1c /home/acid/.local/share/stm32cube/bundles/gnu-tools-for-stm32/14.3.1+st.2/bin/../lib/gcc/arm-none-eabi/14.3.1/thumb/v7e-m+fp/hard/crtbegin.o
 *(.bss*)
 .bss.uwTick    0x2000007c        0x4 cmake/stm32cubemx/CMakeFiles/STM32_Drivers.dir/__/__/Drivers/STM32G4xx_HAL_Driver/Src/stm32g4xx_hal.c.obj
                0x2000007c                uwTick
 .bss.g_last_feedback_tick
                0x20000080        0x4 CMakeFiles/Acid_Motor.dir/Core/Src/main.c.obj
 .bss.g_last_mech_angle
                0x20000084        0x4 CMakeFiles/Acid_Motor.dir/Core/Src/main.c.obj
 .bss.hadc1     0x20000088       0x6c CMakeFiles/Acid_Motor.dir/Core/Src/adc.c.obj
                0x20000088                hadc1
 .bss.hadc2     0x200000f4       0x6c CMakeFiles/Acid_Motor.dir/Core/Src/adc.c.obj
                0x200000f4                hadc2
 .bss.HAL_RCC_ADC12_CLK_ENABLED
                0x20000160        0x4 CMakeFiles/Acid_Motor.dir/Core/Src/adc.c.obj
 .bss.hopamp1   0x20000164       0x3c CMakeFiles/Acid_Motor.dir/Core/Src/opamp.c.obj
                0x20000164                hopamp1
 .bss.hopamp2   0x200001a0       0x3c CMakeFiles/Acid_Motor.dir/Core/Src/opamp.c.obj
                0x200001a0                hopamp2
 .bss.hspi1     0x200001dc       0x64 CMakeFiles/Acid_Motor.dir/Core/Src/spi.c.obj
                0x200001dc                hspi1
 .bss.htim1     0x20000240       0x4c CMakeFiles/Acid_Motor.dir/Core/Src/tim.c.obj
                0x20000240                htim1
 .bss.huart1    0x2000028c       0x94 CMakeFiles/Acid_Motor.dir/Core/Src/usart.c.obj
                0x2000028c                huart1
 .bss.huart3    0x20000320       0x94 CMakeFiles/Acid_Motor.dir/Core/Src/usart.c.obj
                0x20000320                huart3
 .bss.__sbrk_heap_end
                0x200003b4        0x4 CMakeFiles/Acid_Motor.dir/Core/Src/sysmem.c.obj
 .bss.g_foc_ctrl
                0x200003b8       0xdc CMakeFiles/Acid_Motor.dir/Core/Src/bldc_foc.c.obj
                0x200003b8                g_foc_ctrl
 .bss.g_current_sensor
                0x20000494       0x14 CMakeFiles/Acid_Motor.dir/Core/Src/bldc_foc.c.obj
                0x20000494                g_current_sensor
 .bss.debug_fifo_buffer
                0x200004a8      0x800 CMakeFiles/Acid_Motor.dir/Core/Src/uart_debug.c.obj
 .bss.debug_fifo
                0x20000ca8       0x10 CMakeFiles/Acid_Motor.dir/Core/Src/uart_debug.c.obj
 .bss.debug_huart
                0x20000cb8        0x4 CMakeFiles/Acid_Motor.dir/Core/Src/uart_debug.c.obj
 .bss.debug_tx_buffer
                0x20000cbc      0x100 CMakeFiles/Acid_Motor.dir/Core/Src/uart_debug.c.obj
 .bss.g_uart_ctrl
                0x20000dbc       0x20 CMakeFiles/Acid_Motor.dir/Core/Src/motor_uart_control.c.obj
 .bss.uart3_tx_fifo_buffer
                0x20000ddc      0x100 CMakeFiles/Acid_Motor.dir/Core/Src/motor_uart_control.c.obj
 .bss.uart3_tx_fifo
                0x20000edc       0x10 CMakeFiles/Acid_Motor.dir/Core/Src/motor_uart_control.c.obj
 .bss.uart3_dma_buffer
                0x20000eec       0x10 CMakeFiles/Acid_Motor.dir/Core/Src/motor_uart_control.c.obj
 .bss.last_valid_angle
                0x20000efc        0x2 CMakeFiles/Acid_Motor.dir/Core/Src/ma600_encoder.c.obj
 *fill*         0x20000efe        0x2 
 .bss.__sf      0x20000f00      0x138 /home/acid/.local/share/stm32cube/bundles/gnu-tools-for-stm32/14.3.1+st.2/bin/../lib/gcc/arm-none-eabi/14.3.1/../../../../arm-none-eabi/lib/thumb/v7e-m+fp/hard/libg_nano.a(libc_a-findfp.o)
                0x20000f00                __sf
 .bss.errno     0x20001038        0x4 /home/acid/.local/share/stm32cube/bundles/gnu-tools-for-stm32/14.3.1+st.2/bin/../lib/gcc/arm-none-eabi/14.3.1/../../../../arm-none-eabi/lib/thumb/v7e-m+fp/hard/libg_nano.a(libc_a-reent.o)
                0x20001038                errno
 .bss.__lock___malloc_recursive_mutex
                0x2000103c        0x1 /home/acid/.local/share/stm32cube/bundles/gnu-tools-for-stm32/14.3.1+st.2/bin/../lib/gcc/arm-none-eabi/14.3.1/../../../../arm-none-eabi/lib/thumb/v7e-m+fp/hard/libg_nano.a(libc_a-lock.o)
                0x2000103c                __lock___malloc_recursive_mutex
 *fill*         0x2000103d        0x3 
 .bss.__malloc_sbrk_start
                0x20001040        0x4 /home/acid/.local/share/stm32cube/bundles/gnu-tools-for-stm32/14.3.1+st.2/bin/../lib/gcc/arm-none-eabi/14.3.1/../../../../arm-none-eabi/lib/thumb/v7e-m+fp/hard/libg_nano.a(libc_a-mallocr.o)
                0x20001040                __malloc_sbrk_start
 .bss.__malloc_free_list
                0x20001044        0x4 /home/acid/.local/share/stm32cube/bundles/gnu-tools-for-stm32/14.3.1+st.2/bin/../lib/gcc/arm-none-eabi/14.3.1/../../../../arm-none-eabi/lib/thumb/v7e-m+fp/hard/libg_nano.a(libc_a-mallocr.o)
                0x20001044                __malloc_free_list
 *(COMMON)
                0x20001048                        . = ALIGN (0x4)
                0x20001048                        _ebss = .
                0x20001048                        __bss_end__ = _ebss
                [!provide]                        PROVIDE (__bss_end = .)
                [!provide]                        PROVIDE (__non_tls_bss_start = ADDR (.bss))
                [!provide]                        PROVIDE (__bss_start = __tbss_start)
                [!provide]                        PROVIDE (__bss_size = (__bss_end - __bss_start))

._user_heap_stack
                0x20001048      0x600 load address 0x0800cca0
                0x20001048                        . = ALIGN (0x8)
                [!provide]                        PROVIDE (end = .)
                0x20001048                        PROVIDE (_end = .)
                0x20001248                        . = (. + _Min_Heap_Size)
 *fill*         0x20001048      0x200 
                0x20001648                        . = (. + _Min_Stack_Size)
 *fill*         0x20001248      0x400 
                0x20001648                        . = ALIGN (0x8)

/DISCARD/
 libc.a:*(*)
 libm.a:*(*)
 libgcc.a:*(*)
OUTPUT(Acid_Motor.elf elf32-littlearm)
LOAD linker stubs

.ARM.attributes
                0x00000000       0x30
 .ARM.attributes
                0x00000000       0x22 /home/acid/.local/share/stm32cube/bundles/gnu-tools-for-stm32/14.3.1+st.2/bin/../lib/gcc/arm-none-eabi/14.3.1/thumb/v7e-m+fp/hard/crti.o
 .ARM.attributes
                0x00000022       0x34 /home/acid/.local/share/stm32cube/bundles/gnu-tools-for-stm32/14.3.1+st.2/bin/../lib/gcc/arm-none-eabi/14.3.1/thumb/v7e-m+fp/hard/crtbegin.o
 .ARM.attributes
                0x00000056       0x34 cmake/stm32cubemx/CMakeFiles/STM32_Drivers.dir/__/__/Core/Src/system_stm32g4xx.c.obj
 .ARM.attributes
                0x0000008a       0x34 cmake/stm32cubemx/CMakeFiles/STM32_Drivers.dir/__/__/Drivers/STM32G4xx_HAL_Driver/Src/stm32g4xx_hal_adc.c.obj
 .ARM.attributes
                0x000000be       0x34 cmake/stm32cubemx/CMakeFiles/STM32_Drivers.dir/__/__/Drivers/STM32G4xx_HAL_Driver/Src/stm32g4xx_hal_adc_ex.c.obj
 .ARM.attributes
                0x000000f2       0x34 cmake/stm32cubemx/CMakeFiles/STM32_Drivers.dir/__/__/Drivers/STM32G4xx_HAL_Driver/Src/stm32g4xx_hal.c.obj
 .ARM.attributes
                0x00000126       0x34 cmake/stm32cubemx/CMakeFiles/STM32_Drivers.dir/__/__/Drivers/STM32G4xx_HAL_Driver/Src/stm32g4xx_hal_rcc.c.obj
 .ARM.attributes
                0x0000015a       0x34 cmake/stm32cubemx/CMakeFiles/STM32_Drivers.dir/__/__/Drivers/STM32G4xx_HAL_Driver/Src/stm32g4xx_hal_rcc_ex.c.obj
 .ARM.attributes
                0x0000018e       0x34 cmake/stm32cubemx/CMakeFiles/STM32_Drivers.dir/__/__/Drivers/STM32G4xx_HAL_Driver/Src/stm32g4xx_hal_gpio.c.obj
 .ARM.attributes
                0x000001c2       0x34 cmake/stm32cubemx/CMakeFiles/STM32_Drivers.dir/__/__/Drivers/STM32G4xx_HAL_Driver/Src/stm32g4xx_hal_dma.c.obj
 .ARM.attributes
                0x000001f6       0x34 cmake/stm32cubemx/CMakeFiles/STM32_Drivers.dir/__/__/Drivers/STM32G4xx_HAL_Driver/Src/stm32g4xx_hal_pwr_ex.c.obj
 .ARM.attributes
                0x0000022a       0x34 cmake/stm32cubemx/CMakeFiles/STM32_Drivers.dir/__/__/Drivers/STM32G4xx_HAL_Driver/Src/stm32g4xx_hal_cortex.c.obj
 .ARM.attributes
                0x0000025e       0x34 cmake/stm32cubemx/CMakeFiles/STM32_Drivers.dir/__/__/Drivers/STM32G4xx_HAL_Driver/Src/stm32g4xx_hal_opamp.c.obj
 .ARM.attributes
                0x00000292       0x34 cmake/stm32cubemx/CMakeFiles/STM32_Drivers.dir/__/__/Drivers/STM32G4xx_HAL_Driver/Src/stm32g4xx_hal_spi.c.obj
 .ARM.attributes
                0x000002c6       0x34 cmake/stm32cubemx/CMakeFiles/STM32_Drivers.dir/__/__/Drivers/STM32G4xx_HAL_Driver/Src/stm32g4xx_hal_tim.c.obj
 .ARM.attributes
                0x000002fa       0x34 cmake/stm32cubemx/CMakeFiles/STM32_Drivers.dir/__/__/Drivers/STM32G4xx_HAL_Driver/Src/stm32g4xx_hal_tim_ex.c.obj
 .ARM.attributes
                0x0000032e       0x34 cmake/stm32cubemx/CMakeFiles/STM32_Drivers.dir/__/__/Drivers/STM32G4xx_HAL_Driver/Src/stm32g4xx_hal_uart.c.obj
 .ARM.attributes
                0x00000362       0x34 cmake/stm32cubemx/CMakeFiles/STM32_Drivers.dir/__/__/Drivers/STM32G4xx_HAL_Driver/Src/stm32g4xx_hal_uart_ex.c.obj
 .ARM.attributes
                0x00000396       0x34 CMakeFiles/Acid_Motor.dir/Core/Src/main.c.obj
 .ARM.attributes
                0x000003ca       0x34 CMakeFiles/Acid_Motor.dir/Core/Src/gpio.c.obj
 .ARM.attributes
                0x000003fe       0x34 CMakeFiles/Acid_Motor.dir/Core/Src/adc.c.obj
 .ARM.attributes
                0x00000432       0x34 CMakeFiles/Acid_Motor.dir/Core/Src/opamp.c.obj
 .ARM.attributes
                0x00000466       0x34 CMakeFiles/Acid_Motor.dir/Core/Src/spi.c.obj
 .ARM.attributes
                0x0000049a       0x34 CMakeFiles/Acid_Motor.dir/Core/Src/tim.c.obj
 .ARM.attributes
                0x000004ce       0x34 CMakeFiles/Acid_Motor.dir/Core/Src/usart.c.obj
 .ARM.attributes
                0x00000502       0x34 CMakeFiles/Acid_Motor.dir/Core/Src/stm32g4xx_it.c.obj
 .ARM.attributes
                0x00000536       0x34 CMakeFiles/Acid_Motor.dir/Core/Src/stm32g4xx_hal_msp.c.obj
 .ARM.attributes
                0x0000056a       0x34 CMakeFiles/Acid_Motor.dir/Core/Src/sysmem.c.obj
 .ARM.attributes
                0x0000059e       0x21 CMakeFiles/Acid_Motor.dir/startup_stm32g431xx.s.obj
 .ARM.attributes
                0x000005bf       0x34 CMakeFiles/Acid_Motor.dir/Core/Src/bldc_foc.c.obj
 .ARM.attributes
                0x000005f3       0x34 CMakeFiles/Acid_Motor.dir/Core/Src/uart_debug.c.obj
 .ARM.attributes
                0x00000627       0x34 CMakeFiles/Acid_Motor.dir/Core/Src/circular_buffer.c.obj
 .ARM.attributes
                0x0000065b       0x34 CMakeFiles/Acid_Motor.dir/Core/Src/motor_uart_control.c.obj
 .ARM.attributes
                0x0000068f       0x34 CMakeFiles/Acid_Motor.dir/Core/Src/ma600_encoder.c.obj
 .ARM.attributes
                0x000006c3       0x34 /home/acid/.local/share/stm32cube/bundles/gnu-tools-for-stm32/14.3.1+st.2/bin/../lib/gcc/arm-none-eabi/14.3.1/../../../../arm-none-eabi/lib/thumb/v7e-m+fp/hard/libm.a(libm_a-wf_atan2.o)
 .ARM.attributes
                0x000006f7       0x34 /home/acid/.local/share/stm32cube/bundles/gnu-tools-for-stm32/14.3.1+st.2/bin/../lib/gcc/arm-none-eabi/14.3.1/../../../../arm-none-eabi/lib/thumb/v7e-m+fp/hard/libm.a(libm_a-wf_fmod.o)
 .ARM.attributes
                0x0000072b       0x34 /home/acid/.local/share/stm32cube/bundles/gnu-tools-for-stm32/14.3.1+st.2/bin/../lib/gcc/arm-none-eabi/14.3.1/../../../../arm-none-eabi/lib/thumb/v7e-m+fp/hard/libm.a(libm_a-wf_sqrt.o)
 .ARM.attributes
                0x0000075f       0x34 /home/acid/.local/share/stm32cube/bundles/gnu-tools-for-stm32/14.3.1+st.2/bin/../lib/gcc/arm-none-eabi/14.3.1/../../../../arm-none-eabi/lib/thumb/v7e-m+fp/hard/libm.a(libm_a-sf_cos.o)
 .ARM.attributes
                0x00000793       0x34 /home/acid/.local/share/stm32cube/bundles/gnu-tools-for-stm32/14.3.1+st.2/bin/../lib/gcc/arm-none-eabi/14.3.1/../../../../arm-none-eabi/lib/thumb/v7e-m+fp/hard/libm.a(libm_a-sf_sin.o)
 .ARM.attributes
                0x000007c7       0x34 /home/acid/.local/share/stm32cube/bundles/gnu-tools-for-stm32/14.3.1+st.2/bin/../lib/gcc/arm-none-eabi/14.3.1/../../../../arm-none-eabi/lib/thumb/v7e-m+fp/hard/libm.a(libm_a-ef_sqrt.o)
 .ARM.attributes
                0x000007fb       0x34 /home/acid/.local/share/stm32cube/bundles/gnu-tools-for-stm32/14.3.1+st.2/bin/../lib/gcc/arm-none-eabi/14.3.1/../../../../arm-none-eabi/lib/thumb/v7e-m+fp/hard/libm.a(libm_a-kf_cos.o)
 .ARM.attributes
                0x0000082f       0x34 /home/acid/.local/share/stm32cube/bundles/gnu-tools-for-stm32/14.3.1+st.2/bin/../lib/gcc/arm-none-eabi/14.3.1/../../../../arm-none-eabi/lib/thumb/v7e-m+fp/hard/libm.a(libm_a-kf_sin.o)
 .ARM.attributes
                0x00000863       0x34 /home/acid/.local/share/stm32cube/bundles/gnu-tools-for-stm32/14.3.1+st.2/bin/../lib/gcc/arm-none-eabi/14.3.1/../../../../arm-none-eabi/lib/thumb/v7e-m+fp/hard/libm.a(libm_a-ef_atan2.o)
 .ARM.attributes
                0x00000897       0x34 /home/acid/.local/share/stm32cube/bundles/gnu-tools-for-stm32/14.3.1+st.2/bin/../lib/gcc/arm-none-eabi/14.3.1/../../../../arm-none-eabi/lib/thumb/v7e-m+fp/hard/libm.a(libm_a-ef_fmod.o)
 .ARM.attributes
                0x000008cb       0x34 /home/acid/.local/share/stm32cube/bundles/gnu-tools-for-stm32/14.3.1+st.2/bin/../lib/gcc/arm-none-eabi/14.3.1/../../../../arm-none-eabi/lib/thumb/v7e-m+fp/hard/libm.a(libm_a-ef_rem_pio2.o)
 .ARM.attributes
                0x000008ff       0x34 /home/acid/.local/share/stm32cube/bundles/gnu-tools-for-stm32/14.3.1+st.2/bin/../lib/gcc/arm-none-eabi/14.3.1/../../../../arm-none-eabi/lib/thumb/v7e-m+fp/hard/libm.a(libm_a-sf_atan.o)
 .ARM.attributes
                0x00000933       0x34 /home/acid/.local/share/stm32cube/bundles/gnu-tools-for-stm32/14.3.1+st.2/bin/../lib/gcc/arm-none-eabi/14.3.1/../../../../arm-none-eabi/lib/thumb/v7e-m+fp/hard/libm.a(libm_a-sf_fabs.o)
 .ARM.attributes
                0x00000967       0x34 /home/acid/.local/share/stm32cube/bundles/gnu-tools-for-stm32/14.3.1+st.2/bin/../lib/gcc/arm-none-eabi/14.3.1/../../../../arm-none-eabi/lib/thumb/v7e-m+fp/hard/libm.a(libm_a-kf_rem_pio2.o)
 .ARM.attributes
                0x0000099b       0x34 /home/acid/.local/share/stm32cube/bundles/gnu-tools-for-stm32/14.3.1+st.2/bin/../lib/gcc/arm-none-eabi/14.3.1/../../../../arm-none-eabi/lib/thumb/v7e-m+fp/hard/libm.a(libm_a-sf_scalbn.o)
 .ARM.attributes
                0x000009cf       0x34 /home/acid/.local/share/stm32cube/bundles/gnu-tools-for-stm32/14.3.1+st.2/bin/../lib/gcc/arm-none-eabi/14.3.1/../../../../arm-none-eabi/lib/thumb/v7e-m+fp/hard/libm.a(libm_a-sf_floor.o)
 .ARM.attributes
                0x00000a03       0x22 /home/acid/.local/share/stm32cube/bundles/gnu-tools-for-stm32/14.3.1+st.2/bin/../lib/gcc/arm-none-eabi/14.3.1/thumb/v7e-m+fp/hard/libgcc.a(_aeabi_uldivmod.o)
 .ARM.attributes
                0x00000a25       0x34 /home/acid/.local/share/stm32cube/bundles/gnu-tools-for-stm32/14.3.1+st.2/bin/../lib/gcc/arm-none-eabi/14.3.1/thumb/v7e-m+fp/hard/libgcc.a(_udivmoddi4.o)
 .ARM.attributes
                0x00000a59       0x22 /home/acid/.local/share/stm32cube/bundles/gnu-tools-for-stm32/14.3.1+st.2/bin/../lib/gcc/arm-none-eabi/14.3.1/thumb/v7e-m+fp/hard/libgcc.a(_dvmd_tls.o)
 .ARM.attributes