/home/acid/下载/Project/Acid_Motor/Software/Core/Src/main.c:77:5:main	8	static
/home/acid/下载/Project/Acid_Motor/Software/Core/Src/main.c:134:6:SystemClock_Config	88	static
/home/acid/下载/Project/Acid_Motor/Software/Core/Src/main.c:177:13:App_InitMotorControl	8	static
/home/acid/下载/Project/Acid_Motor/Software/Core/Src/main.c:231:13:App_ProcessSlowLoop	32	static
/home/acid/下载/Project/Acid_Motor/Software/Core/Src/main.c:259:6:HAL_UART_RxCpltCallback	16	static
/home/acid/下载/Project/Acid_Motor/Software/Core/Src/main.c:264:6:HAL_ADCEx_InjectedConvCpltCallback	16	static
/home/acid/下载/Project/Acid_Motor/Software/Core/Src/main.c:277:6:Error_Handler	4	static,ignoring_inline_asm
